Archive member included to satisfy reference by file (symbol)

K:/embedded/General Tools/General Tools/mingw64/bin/../lib/gcc/x86_64-w64-mingw32/6.2.0/../../../../x86_64-w64-mingw32/lib/../lib/libwinmm.a(dmces00151.o)
                              FreeRTOS_Source\portable\MSVC-MingW\port.o (__imp_timeGetDevCaps)
K:/embedded/General Tools/General Tools/mingw64/bin/../lib/gcc/x86_64-w64-mingw32/6.2.0/../../../../x86_64-w64-mingw32/lib/../lib/libwinmm.a(dmces00150.o)
                              FreeRTOS_Source\portable\MSVC-MingW\port.o (__imp_timeEndPeriod)
K:/embedded/General Tools/General Tools/mingw64/bin/../lib/gcc/x86_64-w64-mingw32/6.2.0/../../../../x86_64-w64-mingw32/lib/../lib/libwinmm.a(dmces00149.o)
                              FreeRTOS_Source\portable\MSVC-MingW\port.o (__imp_timeBeginPeriod)
K:/embedded/General Tools/General Tools/mingw64/bin/../lib/gcc/x86_64-w64-mingw32/6.2.0/../../../../x86_64-w64-mingw32/lib/../lib/libwinmm.a(dmceh.o)
                              K:/embedded/General Tools/General Tools/mingw64/bin/../lib/gcc/x86_64-w64-mingw32/6.2.0/../../../../x86_64-w64-mingw32/lib/../lib/libwinmm.a(dmces00151.o) (_head_lib64_libwinmm_a)
K:/embedded/General Tools/General Tools/mingw64/bin/../lib/gcc/x86_64-w64-mingw32/6.2.0/../../../../x86_64-w64-mingw32/lib/../lib/libwinmm.a(dmcet.o)
                              K:/embedded/General Tools/General Tools/mingw64/bin/../lib/gcc/x86_64-w64-mingw32/6.2.0/../../../../x86_64-w64-mingw32/lib/../lib/libwinmm.a(dmceh.o) (__lib64_libwinmm_a_iname)
K:/embedded/General Tools/General Tools/mingw64/bin/../lib/gcc/x86_64-w64-mingw32/6.2.0/../../../../x86_64-w64-mingw32/lib/../lib/libmingw32.a(lib64_libmingw32_a-atonexit.o)
                              K:/embedded/General Tools/General Tools/mingw64/bin/../lib/gcc/x86_64-w64-mingw32/6.2.0/crtbegin.o (atexit)
K:/embedded/General Tools/General Tools/mingw64/bin/../lib/gcc/x86_64-w64-mingw32/6.2.0/../../../../x86_64-w64-mingw32/lib/../lib/libmingw32.a(lib64_libmingw32_a-gccmain.o)
                              K:/embedded/General Tools/General Tools/mingw64/bin/../lib/gcc/x86_64-w64-mingw32/6.2.0/../../../../x86_64-w64-mingw32/lib/../lib/crt2.o (__main)
K:/embedded/General Tools/General Tools/mingw64/bin/../lib/gcc/x86_64-w64-mingw32/6.2.0/../../../../x86_64-w64-mingw32/lib/../lib/libmingw32.a(lib64_libmingw32_a-natstart.o)
                              K:/embedded/General Tools/General Tools/mingw64/bin/../lib/gcc/x86_64-w64-mingw32/6.2.0/../../../../x86_64-w64-mingw32/lib/../lib/crt2.o (__native_startup_lock)
K:/embedded/General Tools/General Tools/mingw64/bin/../lib/gcc/x86_64-w64-mingw32/6.2.0/../../../../x86_64-w64-mingw32/lib/../lib/libmingw32.a(lib64_libmingw32_a-wildcard.o)
                              K:/embedded/General Tools/General Tools/mingw64/bin/../lib/gcc/x86_64-w64-mingw32/6.2.0/../../../../x86_64-w64-mingw32/lib/../lib/crt2.o (_dowildcard)
K:/embedded/General Tools/General Tools/mingw64/bin/../lib/gcc/x86_64-w64-mingw32/6.2.0/../../../../x86_64-w64-mingw32/lib/../lib/libmingw32.a(lib64_libmingw32_a-charmax.o)
                              K:/embedded/General Tools/General Tools/mingw64/bin/../lib/gcc/x86_64-w64-mingw32/6.2.0/../../../../x86_64-w64-mingw32/lib/../lib/crt2.o (mingw_initcharmax)
K:/embedded/General Tools/General Tools/mingw64/bin/../lib/gcc/x86_64-w64-mingw32/6.2.0/../../../../x86_64-w64-mingw32/lib/../lib/libmingw32.a(lib64_libmingw32_a-dllargv.o)
                              K:/embedded/General Tools/General Tools/mingw64/bin/../lib/gcc/x86_64-w64-mingw32/6.2.0/../../../../x86_64-w64-mingw32/lib/../lib/crt2.o (_setargv)
K:/embedded/General Tools/General Tools/mingw64/bin/../lib/gcc/x86_64-w64-mingw32/6.2.0/../../../../x86_64-w64-mingw32/lib/../lib/libmingw32.a(lib64_libmingw32_a-gs_support.o)
                              K:/embedded/General Tools/General Tools/mingw64/bin/../lib/gcc/x86_64-w64-mingw32/6.2.0/../../../../x86_64-w64-mingw32/lib/../lib/crt2.o (__security_init_cookie)
K:/embedded/General Tools/General Tools/mingw64/bin/../lib/gcc/x86_64-w64-mingw32/6.2.0/../../../../x86_64-w64-mingw32/lib/../lib/libmingw32.a(lib64_libmingw32_a-_newmode.o)
                              K:/embedded/General Tools/General Tools/mingw64/bin/../lib/gcc/x86_64-w64-mingw32/6.2.0/../../../../x86_64-w64-mingw32/lib/../lib/crt2.o (_newmode)
K:/embedded/General Tools/General Tools/mingw64/bin/../lib/gcc/x86_64-w64-mingw32/6.2.0/../../../../x86_64-w64-mingw32/lib/../lib/libmingw32.a(lib64_libmingw32_a-tlssup.o)
                              K:/embedded/General Tools/General Tools/mingw64/bin/../lib/gcc/x86_64-w64-mingw32/6.2.0/../../../../x86_64-w64-mingw32/lib/../lib/crt2.o (mingw_initltssuo_force)
K:/embedded/General Tools/General Tools/mingw64/bin/../lib/gcc/x86_64-w64-mingw32/6.2.0/../../../../x86_64-w64-mingw32/lib/../lib/libmingw32.a(lib64_libmingw32_a-cinitexe.o)
[...]
Memory Configuration

Name             Origin             Length             Attributes
*default*        0x0000000000000000 0xffffffffffffffff

Linker script and memory map

                0x0000000000400000                __image_base__ = 0x400000
                0x0000000000000000                __dll__ = 0x0
                0x0000000000400000                __ImageBase = 0x400000
                0x0000000000001000                __section_alignment__ = 0x1000
                0x0000000000000200                __file_alignment__ = 0x200
                0x0000000000000004                __major_os_version__ = 0x4
                0x0000000000000000                __minor_os_version__ = 0x0
                0x0000000000000000                __major_image_version__ = 0x0
                0x0000000000000000                __minor_image_version__ = 0x0
                0x0000000000000005                __major_subsystem_version__ = 0x5
                0x0000000000000002                __minor_subsystem_version__ = 0x2
                0x0000000000000003                __subsystem__ = 0x3
                0x0000000000200000                __size_of_stack_reserve__ = 0x200000
                0x0000000000001000                __size_of_stack_commit__ = 0x1000
                0x0000000000100000                __size_of_heap_reserve__ = 0x100000
                0x0000000000001000                __size_of_heap_commit__ = 0x1000
                0x0000000000000000                __loader_flags__ = 0x0
                0x0000000000000000                __dll_characteristics__ = 0x0
LOAD K:/embedded/General Tools/General Tools/mingw64/bin/../lib/gcc/x86_64-w64-mingw32/6.2.0/../../../../x86_64-w64-mingw32/lib/../lib/crt2.o
LOAD K:/embedded/General Tools/General Tools/mingw64/bin/../lib/gcc/x86_64-w64-mingw32/6.2.0/crtbegin.o
LOAD DemosModifiedForLowTickRate\recmutex.o
LOAD FreeRTOS+Trace Recorder\trcKernelPort.o
LOAD FreeRTOS+Trace Recorder\trcSnapshotRecorder.o
LOAD FreeRTOS+Trace Recorder\trcStreamingRecorder.o
LOAD FreeRTOS_Source\croutine.o
LOAD FreeRTOS_Source\event_groups.o
LOAD FreeRTOS_Source\list.o
LOAD FreeRTOS_Source\portable\MSVC-MingW\port.o
LOAD FreeRTOS_Source\portable\MemMang\heap_5.o
LOAD FreeRTOS_Source\queue.o
LOAD FreeRTOS_Source\stream_buffer.o
LOAD FreeRTOS_Source\tasks.o
LOAD FreeRTOS_Source\timers.o
LOAD Run-time-stats-utils.o
LOAD Standard_Demo_Tasks\AbortDelay.o
LOAD Standard_Demo_Tasks\BlockQ.o
LOAD Standard_Demo_Tasks\EventGroupsDemo.o
LOAD Standard_Demo_Tasks\GenQTest.o
LOAD Standard_Demo_Tasks\IntSemTest.o
LOAD Standard_Demo_Tasks\MessageBufferAMP.o
LOAD Standard_Demo_Tasks\MessageBufferDemo.o
LOAD Standard_Demo_Tasks\PollQ.o
LOAD Standard_Demo_Tasks\QPeek.o
LOAD Standard_Demo_Tasks\QueueOverwrite.o
LOAD Standard_Demo_Tasks\QueueSet.o
LOAD Standard_Demo_Tasks\QueueSetPolling.o
LOAD Standard_Demo_Tasks\StaticAllocation.o
LOAD Standard_Demo_Tasks\StreamBufferDemo.o
LOAD Standard_Demo_Tasks\StreamBufferInterrupt.o
LOAD Standard_Demo_Tasks\TaskNotify.o
LOAD Standard_Demo_Tasks\TimerDemo.o
LOAD Standard_Demo_Tasks\blocktim.o
LOAD Standard_Demo_Tasks\countsem.o
LOAD Standard_Demo_Tasks\death.o
LOAD Standard_Demo_Tasks\dynamic.o
LOAD Standard_Demo_Tasks\flop.o
LOAD Standard_Demo_Tasks\integer.o
LOAD Standard_Demo_Tasks\semtest.o
LOAD code_coverage_additions.o
LOAD main.o
LOAD main_blinky.o
LOAD main_full.o
LOAD main_task1.o
LOAD main_task2.o
LOAD main_task3.o
LOAD main_task4.o
LOAD K:/embedded/General Tools/General Tools/mingw64/bin/../lib/gcc/x86_64-w64-mingw32/6.2.0/../../../../x86_64-w64-mingw32/lib/../lib/libwinmm.a
LOAD K:/embedded/General Tools/General Tools/mingw64/bin/../lib/gcc/x86_64-w64-mingw32/6.2.0/../../../../x86_64-w64-mingw32/lib/../lib/libmingw32.a
LOAD K:/embedded/General Tools/General Tools/mingw64/bin/../lib/gcc/x86_64-w64-mingw32/6.2.0/libgcc.a
LOAD K:/embedded/General Tools/General Tools/mingw64/bin/../lib/gcc/x86_64-w64-mingw32/6.2.0/libgcc_eh.a
LOAD K:/embedded/General Tools/General Tools/mingw64/bin/../lib/gcc/x86_64-w64-mingw32/6.2.0/../../../../x86_64-w64-mingw32/lib/../lib/libmoldname.a
LOAD K:/embedded/General Tools/General Tools/mingw64/bin/../lib/gcc/x86_64-w64-mingw32/6.2.0/../../../../x86_64-w64-mingw32/lib/../lib/libmingwex.a
LOAD K:/embedded/General Tools/General Tools/mingw64/bin/../lib/gcc/x86_64-w64-mingw32/6.2.0/../../../../x86_64-w64-mingw32/lib/../lib/libmsvcrt.a
LOAD K:/embedded/General Tools/General Tools/mingw64/bin/../lib/gcc/x86_64-w64-mingw32/6.2.0/../../../../x86_64-w64-mingw32/lib/../lib/libpthread.dll.a
LOAD K:/embedded/General Tools/General Tools/mingw64/bin/../lib/gcc/x86_64-w64-mingw32/6.2.0/../../../../x86_64-w64-mingw32/lib/../lib/libadvapi32.a
LOAD K:/embedded/General Tools/General Tools/mingw64/bin/../lib/gcc/x86_64-w64-mingw32/6.2.0/../../../../x86_64-w64-mingw32/lib/../lib/libshell32.a
LOAD K:/embedded/General Tools/General Tools/mingw64/bin/../lib/gcc/x86_64-w64-mingw32/6.2.0/../../../../x86_64-w64-mingw32/lib/../lib/libuser32.a
LOAD K:/embedded/General Tools/General Tools/mingw64/bin/../lib/gcc/x86_64-w64-mingw32/6.2.0/../../../../x86_64-w64-mingw32/lib/../lib/libkernel32.a
LOAD K:/embedded/General Tools/General Tools/mingw64/bin/../lib/gcc/x86_64-w64-mingw32/6.2.0/../../../../x86_64-w64-mingw32/lib/../lib/libiconv.a
LOAD K:/embedded/General Tools/General Tools/mingw64/bin/../lib/gcc/x86_64-w64-mingw32/6.2.0/../../../../x86_64-w64-mingw32/lib/../lib/libmingw32.a
LOAD K:/embedded/General Tools/General Tools/mingw64/bin/../lib/gcc/x86_64-w64-mingw32/6.2.0/libgcc.a
LOAD K:/embedded/General Tools/General Tools/mingw64/bin/../lib/gcc/x86_64-w64-mingw32/6.2.0/libgcc_eh.a
LOAD K:/embedded/General Tools/General Tools/mingw64/bin/../lib/gcc/x86_64-w64-mingw32/6.2.0/../../../../x86_64-w64-mingw32/lib/../lib/libmoldname.a
LOAD K:/embedded/General Tools/General Tools/mingw64/bin/../lib/gcc/x86_64-w64-mingw32/6.2.0/../../../../x86_64-w64-mingw32/lib/../lib/libmingwex.a
LOAD K:/embedded/General Tools/General Tools/mingw64/bin/../lib/gcc/x86_64-w64-mingw32/6.2.0/../../../../x86_64-w64-mingw32/lib/../lib/libmsvcrt.a
LOAD K:/embedded/General Tools/General Tools/mingw64/bin/../lib/gcc/x86_64-w64-mingw32/6.2.0/crtend.o
                0x0000000000000430                . = SIZEOF_HEADERS
                0x0000000000001000                . = ALIGN (__section_alignment__)

.text           0x0000000000401000    0x23400
 *(.init)
 *(.text)
 .text          0x0000000000401000      0x530 K:/embedded/General Tools/General Tools/mingw64/bin/../lib/gcc/x86_64-w64-mingw32/6.2.0/../../../../x86_64-w64-mingw32/lib/../lib/crt2.o
                0x00000000004014d0                WinMainCRTStartup
                0x0000000000401500                mainCRTStartup
 .text          0x0000000000401530       0x80 K:/embedded/General Tools/General Tools/mingw64/bin/../lib/gcc/x86_64-w64-mingw32/6.2.0/crtbegin.o
                0x0000000000401530                .weak._Jv_RegisterClasses.__gcc_register_frame
                0x0000000000401540                __gcc_register_frame
                0x00000000004015a0                __gcc_deregister_frame
 .text          0x00000000004015b0      0x3f0 DemosModifiedForLowTickRate\recmutex.o
                0x00000000004015b0                vStartRecursiveMutexTasks
                0x00000000004018f4                xAreRecursiveMutexTasksStillRunning
 .text          0x00000000004019a0      0x9a0 FreeRTOS+Trace Recorder\trcKernelPort.o
                0x00000000004019a0                prvTraceGetQueueNumber
                0x00000000004019bb                prvTraceGetQueueType
                0x00000000004019d6                prvTraceGetTaskNumberLow16
                0x00000000004019f1                prvTraceGetTaskNumberHigh16
                0x0000000000401a0f                prvTraceSetTaskNumberLow16
                0x0000000000401a48                prvTraceSetTaskNumberHigh16
                0x0000000000401a81                prvTraceGetQueueNumberLow16
                0x0000000000401a9c                prvTraceGetQueueNumberHigh16
                0x0000000000401aba                prvTraceSetQueueNumberLow16
                0x0000000000401af3                prvTraceSetQueueNumberHigh16
                0x0000000000401b2c                prvTraceGetTimerNumberLow16
                0x0000000000401b47                prvTraceGetTimerNumberHigh16
                0x0000000000401b65                prvTraceSetTimerNumberLow16
                0x0000000000401b9e                prvTraceSetTimerNumberHigh16
                0x0000000000401bd7                prvTraceGetEventGroupNumberLow16
                0x0000000000401bf2                prvTraceGetEventGroupNumberHigh16
                0x0000000000401c10                prvTraceSetEventGroupNumberLow16
                0x0000000000401c49                prvTraceSetEventGroupNumberHigh16
                0x0000000000401c82                prvTraceGetStreamBufferNumberLow16
                0x0000000000401c9d                prvTraceGetStreamBufferNumberHigh16
                0x0000000000401cbb                prvTraceSetStreamBufferNumberLow16
                0x0000000000401cf4                prvTraceSetStreamBufferNumberHigh16
                0x0000000000401d2d                vTraceSetQueueName
                0x0000000000401d63                vTraceSetSemaphoreName
                0x0000000000401d99                vTraceSetMutexName
                0x0000000000401dcf                vTraceSetEventGroupName
                0x0000000000401e05                vTraceSetStreamBufferName
                0x0000000000401e3b                vTraceSetMessageBufferName
                0x0000000000401e71                prvTraceGetCurrentTaskHandle
                0x0000000000401e84                vTraceInitObjectPropertyTable
                0x00000000004020e1                vTraceInitObjectHandleStack
                0x0000000000402297                pszTraceGetErrorNotEnoughHandles
                0x0000000000402326                prvTraceIsSchedulerSuspended
 .text          0x0000000000402340     0x3090 FreeRTOS+Trace Recorder\trcSnapshotRecorder.o
                0x0000000000402340                vTraceEnable
                0x000000000040238a                vTraceSetStopHook
                0x00000000004023a0                vTraceClear
                0x000000000040246c                uiTraceStart
                0x000000000040257a                vTraceStart
                0x000000000040258e                vTraceStop
                0x00000000004025cc                xTraceIsRecordingEnabled
                0x00000000004025ef                xTraceGetLastError
                0x00000000004025fc                vTraceClearError
                0x000000000040262b                xTraceGetTraceBuffer
                0x0000000000402638                uiTraceGetTraceBufferSize
                0x00000000004026db                vTraceInstanceFinishedNext
                0x00000000004026f4                vTraceInstanceFinishedNow
                0x000000000040270d                xTraceSetISRProperties
                0x00000000004027d7                vTraceStoreISRBegin
                0x0000000000402921                vTraceStoreISREnd
                0x0000000000402fc5                vTracePrintF
                0x0000000000403263                vTracePrint
                0x000000000040330b                xTraceRegisterString
                0x0000000000403364                prvTraceSetReadyEventsEnabled
                0x0000000000403377                prvTraceStoreTaskReady
                0x0000000000403458                prvTraceStoreLowPower
                0x000000000040350a                vTraceStoreMemMangEvent
                0x0000000000403657                prvTraceStoreKernelCall
                0x000000000040377b                prvTraceStoreKernelCallWithParam
                0x0000000000403947                prvTraceStoreKernelCallWithNumericParamOnly
                0x0000000000403a2f                prvTraceStoreTaskswitch
                0x0000000000403b37                prvTraceStoreObjectNameOnCloseEvent
                0x0000000000403c26                prvTraceStoreObjectPropertiesOnCloseEvent
                0x0000000000403d4b                prvTraceSetPriorityProperty
                0x0000000000403de7                prvTraceGetPriorityProperty
                0x0000000000403e84                prvTraceSetObjectState
                0x0000000000403fb7                prvTraceSetTaskInstanceFinished
                0x0000000000404350                uiIndexOfObject
                0x0000000000404420                prvTraceGetObjectHandle
                0x000000000040461c                prvTraceFreeObjectHandle
                0x0000000000404719                prvMarkObjectAsUsed
                0x00000000004047b5                prvTraceSetObjectName
                0x000000000040497f                vTraceSetFrequency
                0x0000000000404992                prvTraceError
                0x0000000000404a0d                vTraceSetFilterMask
                0x0000000000404a25                vTraceSetFilterGroup
                0x0000000000405315                prvTracePortGetTimeStamp
 .text          0x00000000004053d0        0x0 FreeRTOS+Trace Recorder\trcStreamingRecorder.o
 .text          0x00000000004053d0        0x0 FreeRTOS_Source\croutine.o
 .text          0x00000000004053d0      0xee0 FreeRTOS_Source\event_groups.o
                0x00000000004053d0                xEventGroupCreateStatic
                0x0000000000405555                xEventGroupCreate
                0x00000000004056a1                xEventGroupSync
                0x000000000040596a                xEventGroupWaitBits
                0x0000000000405cb3                xEventGroupClearBits
                0x0000000000405d8e                xEventGroupClearBitsFromISR
                0x0000000000405e05                xEventGroupGetBitsFromISR
                0x0000000000405e32                xEventGroupSetBits
                0x0000000000405ffb                vEventGroupDelete
                0x0000000000406143                vEventGroupSetBitsCallback
                0x0000000000406167                vEventGroupClearBitsCallback
                0x00000000004061d8                xEventGroupSetBitsFromISR
                0x0000000000406261                uxEventGroupGetNumber
                0x0000000000406298                vEventGroupSetNumber
 .text          0x00000000004062b0      0x220 FreeRTOS_Source\list.o
                0x00000000004062b0                vListInitialise
                0x0000000000406300                vListInitialiseItem
                0x0000000000406317                vListInsertEnd
                0x000000000040638d                vListInsert
                0x000000000040643d                uxListRemove
 .text          0x00000000004064d0      0xb90 FreeRTOS_Source\portable\MSVC-MingW\port.o
                0x0000000000406610                pxPortInitialiseStack
                0x000000000040671f                xPortStartScheduler
                0x0000000000406bf8                vPortDeleteThread
                0x0000000000406cb0                vPortCloseRunningThread
                0x0000000000406d52                vPortEndScheduler
                0x0000000000406d65                vPortGenerateSimulatedInterrupt
                0x0000000000406e5a                vPortSetInterruptHandler
                0x0000000000406ee3                vPortEnterCritical
                0x0000000000406f24                vPortExitCritical
 .text          0x0000000000407060      0x770 FreeRTOS_Source\portable\MemMang\heap_5.o
                0x0000000000407060                pvPortMalloc
                0x000000000040726f                vPortFree
                0x0000000000407392                xPortGetFreeHeapSize
                0x000000000040739f                xPortGetMinimumEverFreeHeapSize
                0x00000000004074be                vPortDefineHeapRegions
                0x00000000004076c0                vPortGetHeapStats
 .text          0x00000000004077d0     0x3470 FreeRTOS_Source\queue.o
                0x00000000004077d0                xQueueGenericReset
                0x00000000004078dc                xQueueGenericCreateStatic
                0x0000000000407a37                xQueueGenericCreate
                0x0000000000407d4e                xQueueCreateMutex
                0x0000000000407d97                xQueueCreateMutexStatic
                0x0000000000407df2                xQueueGetMutexHolder
                0x0000000000407e3c                xQueueGetMutexHolderFromISR
                0x0000000000407e8c                xQueueGiveMutexRecursive
                0x0000000000407fbe                xQueueTakeMutexRecursive
                0x0000000000408052                xQueueCreateCountingSemaphoreStatic
                0x00000000004080d5                xQueueCreateCountingSemaphore
                0x0000000000408145                xQueueGenericSend
                0x00000000004086c6                xQueueGenericSendFromISR
                0x0000000000408996                xQueueGiveFromISR
                0x0000000000408c2d                xQueueReceive
                0x0000000000409195                xQueueSemaphoreTake
                0x0000000000409766                xQueuePeek
                0x0000000000409c60                xQueueReceiveFromISR
                0x0000000000409eaf                xQueuePeekFromISR
                0x0000000000409f81                uxQueueMessagesWaiting
                0x0000000000409fc2                uxQueueSpacesAvailable
                0x000000000040a016                uxQueueMessagesWaitingFromISR
                0x000000000040a055                vQueueDelete
                0x000000000040a244                uxQueueGetQueueNumber
                0x000000000040a258                vQueueSetQueueNumber
                0x000000000040a273                ucQueueGetQueueType
                0x000000000040a5d1                xQueueIsQueueEmptyFromISR
                0x000000000040a662                xQueueIsQueueFullFromISR
                0x000000000040a6b9                vQueueAddToRegistry
                0x000000000040a778                pcQueueGetName
                0x000000000040a7e1                vQueueUnregisterQueue
                0x000000000040a85b                vQueueWaitForMessageRestricted
                0x000000000040a8de                xQueueCreateSet
                0x000000000040a90a                xQueueAddToSet
                0x000000000040a970                xQueueRemoveFromSet
                0x000000000040a9df                xQueueSelectFromSet
                0x000000000040aa16                xQueueSelectFromSetFromISR
 .text          0x000000000040ac40     0x1d00 FreeRTOS_Source\stream_buffer.o
                0x000000000040ac40                xStreamBufferGenericCreate
                0x000000000040ae91                xStreamBufferGenericCreateStatic
                0x000000000040b138                vStreamBufferDelete
                0x000000000040b2e7                xStreamBufferReset
                0x000000000040b464                xStreamBufferSetTriggerLevel
                0x000000000040b4d6                xStreamBufferSpacesAvailable
                0x000000000040b54d                xStreamBufferBytesAvailable
                0x000000000040b593                xStreamBufferSend
                0x000000000040b96d                xStreamBufferSendFromISR
                0x000000000040bc5b                xStreamBufferReceive
                0x000000000040bff5                xStreamBufferNextMessageLengthBytes
                0x000000000040c0bb                xStreamBufferReceiveFromISR
                0x000000000040c396                xStreamBufferIsEmpty
                0x000000000040c3f4                xStreamBufferIsFull
                0x000000000040c46c                xStreamBufferSendCompletedFromISR
                0x000000000040c4ff                xStreamBufferReceiveCompletedFromISR
                0x000000000040c8fe                uxStreamBufferGetStreamBufferNumber
                0x000000000040c90f                vStreamBufferSetStreamBufferNumber
                0x000000000040c927                ucStreamBufferGetStreamBufferType
 .text          0x000000000040c940     0x4320 FreeRTOS_Source\tasks.o
                0x000000000040c940                xTaskCreateStatic
                0x000000000040ca3d                xTaskCreate
                0x000000000040cf0e                vTaskDelete
                0x000000000040d2a1                vTaskDelayUntil
                0x000000000040d423                vTaskDelay
                0x000000000040d50a                eTaskGetState
                0x000000000040d609                uxTaskPriorityGet
                0x000000000040d64a                uxTaskPriorityGetFromISR
                0x000000000040d688                vTaskPrioritySet
                0x000000000040d90e                vTaskSuspend
                0x000000000040db58                vTaskResume
                0x000000000040dcd8                xTaskResumeFromISR
                0x000000000040de46                vTaskStartScheduler
                0x000000000040df69                vTaskEndScheduler
                0x000000000040df8c                vTaskSuspendAll
                0x000000000040dfb0                xTaskResumeAll
                0x000000000040e162                xTaskGetTickCount
                0x000000000040e17c                xTaskGetTickCountFromISR
                0x000000000040e19d                uxTaskGetNumberOfTasks
                0x000000000040e1a9                pcTaskGetName
                0x000000000040e347                xTaskGetHandle
                0x000000000040e43f                uxTaskGetSystemState
                0x000000000040e5bd                xTaskGetIdleTaskHandle
                0x000000000040e5ef                xTaskCatchUpTicks
                0x000000000040e643                xTaskAbortDelay
                0x000000000040e789                xTaskIncrementTick
                0x000000000040ea10                vTaskSetApplicationTaskTag
                0x000000000040ea5c                xTaskGetApplicationTaskTag
                0x000000000040eaa3                xTaskGetApplicationTaskTagFromISR
                0x000000000040eae7                xTaskCallApplicationTaskHook
                0x000000000040eb4c                vTaskSwitchContext
                0x000000000040ecb2                vTaskPlaceOnEventList
                0x000000000040ed06                vTaskPlaceOnUnorderedEventList
                0x000000000040ed8c                vTaskPlaceOnEventListRestricted
                0x000000000040ee78                xTaskRemoveFromEventList
                0x000000000040efaf                vTaskRemoveFromUnorderedEventList
                0x000000000040f0d0                vTaskSetTimeOutState
                0x000000000040f11e                vTaskInternalSetTimeOutState
                0x000000000040f142                xTaskCheckForTimeOut
                0x000000000040f250                vTaskMissedYield
                0x000000000040f261                uxTaskGetTaskNumber
                0x000000000040f298                vTaskSetTaskNumber
                0x000000000040f3ff                vTaskGetInfo
                0x000000000040f68d                uxTaskGetStackHighWaterMark2
                0x000000000040f6d5                uxTaskGetStackHighWaterMark
                0x000000000040f7e5                xTaskGetCurrentTaskHandle
                0x000000000040f802                xTaskGetSchedulerState
                0x000000000040f840                xTaskPriorityInherit
                0x000000000040fa75                xTaskPriorityDisinherit
                0x000000000040fcbe                vTaskPriorityDisinheritAfterTimeout
                0x000000000040ff14                uxTaskResetEventItemValue
                0x000000000040ff4f                pvTaskIncrementMutexHeldCount
                0x000000000040ff7e                ulTaskNotifyTake
                0x00000000004101d6                xTaskNotifyWait
                0x00000000004103db                xTaskGenericNotify
                0x0000000000410646                xTaskGenericNotifyFromISR
                0x00000000004108c6                vTaskNotifyGiveFromISR
                0x0000000000410a81                xTaskNotifyStateClear
                0x0000000000410ae2                ulTaskNotifyValueClear
                0x0000000000410b47                ulTaskGetIdleRunTimeCounter
 .text          0x0000000000410c60     0x1350 FreeRTOS_Source\timers.o
                0x0000000000410c60                xTimerCreateTimerTask
                0x0000000000410d1a                xTimerCreate
                0x0000000000410d85                xTimerCreateStatic
                0x0000000000410f93                xTimerGenericCommand
                0x00000000004112a2                xTimerGetTimerDaemonTaskHandle
                0x00000000004112d4                xTimerGetPeriod
                0x000000000041130d                vTimerSetReloadMode
                0x000000000041137d                uxTimerGetReloadMode
                0x00000000004113de                xTimerGetExpiryTime
                0x000000000041141d                pcTimerGetName
                0x0000000000411c99                xTimerIsTimerActive
                0x0000000000411cfa                pvTimerGetTimerID
                0x0000000000411d46                vTimerSetTimerID
                0x0000000000411d93                xTimerPendFunctionCallFromISR
                0x0000000000411e30                xTimerPendFunctionCall
                0x0000000000411f81                uxTimerGetTimerNumber
                0x0000000000411f92                vTimerSetTimerNumber
 .text          0x0000000000411fb0       0xd0 Run-time-stats-utils.o
                0x0000000000411fb0                vConfigureTimerForRunTimeStats
                0x0000000000412027                ulGetRunTimeCounterValue
 .text          0x0000000000412080      0xac0 Standard_Demo_Tasks\AbortDelay.o
                0x0000000000412080                vCreateAbortDelayTasks
                0x0000000000412ac4                xAreAbortDelayTestTasksStillRunning
 .text          0x0000000000412b40      0x4a0 Standard_Demo_Tasks\BlockQ.o
                0x0000000000412b40                vStartBlockingQueueTasks
                0x0000000000412ef3                xAreBlockingQueuesStillRunning
 .text          0x0000000000412fe0      0xf80 Standard_Demo_Tasks\EventGroupsDemo.o
                0x0000000000412fe0                vStartEventGroupTasks
                0x0000000000413d96                vPeriodicEventGroupsProcessing
                0x0000000000413ed7                xAreEventGroupTasksStillRunning
 .text          0x0000000000413f60      0xe40 Standard_Demo_Tasks\GenQTest.o
                0x0000000000413f60                vStartGenericQueueTasks
                0x0000000000414d36                xAreGenericQueueTasksStillRunning
 .text          0x0000000000414da0      0x820 Standard_Demo_Tasks\IntSemTest.o
                0x0000000000414da0                vStartInterruptSemaphoreTasks
                0x000000000041548e                vInterruptSemaphorePeriodicTest
                0x000000000041554b                xAreInterruptSemaphoreTasksStillRunning
 .text          0x00000000004155c0      0x3e0 Standard_Demo_Tasks\MessageBufferAMP.o
                0x00000000004155c0                vStartMessageBufferAMPTasks
                0x0000000000415868                vGenerateCoreBInterrupt
                0x0000000000415902                xAreMessageBufferAMPTasksStillRunning
 .text          0x00000000004159a0     0x13a0 Standard_Demo_Tasks\MessageBufferDemo.o
                0x00000000004159a0                vStartMessageBufferTasks
                0x0000000000416bfd                xAreMessageBufferTasksStillRunning
 .text          0x0000000000416d40      0x230 Standard_Demo_Tasks\PollQ.o
                0x0000000000416d40                vStartPolledQueueTasks
                0x0000000000416f1c                xArePollingQueuesStillRunning
 .text          0x0000000000416f70      0x560 Standard_Demo_Tasks\QPeek.o
                0x0000000000416f70                vStartQueuePeekTasks
                0x0000000000417495                xAreQueuePeekTasksStillRunning
 .text          0x00000000004174d0      0x330 Standard_Demo_Tasks\QueueOverwrite.o
                0x00000000004174d0                vStartQueueOverwriteTask
                0x000000000041768e                xIsQueueOverwriteTaskStillRunning
                0x00000000004176d7                vQueueOverwritePeriodicISRDemo
 .text          0x0000000000417800     0x1310 Standard_Demo_Tasks\QueueSet.o
                0x0000000000417800                vStartQueueSetTasks
                0x000000000041789d                xAreQueueSetTasksStillRunning
                0x0000000000417c10                vQueueSetAccessQueueSetFromISR
 .text          0x0000000000418b10      0x1c0 Standard_Demo_Tasks\QueueSetPolling.o
                0x0000000000418b10                vStartQueueSetPollingTask
                0x0000000000418c35                vQueueSetPollingInterruptAccess
                0x0000000000418c9e                xAreQueueSetPollTasksStillRunning
 .text          0x0000000000418cd0      0xeb0 Standard_Demo_Tasks\StaticAllocation.o
                0x0000000000418cd0                vStartStaticallyAllocatedTasks
                0x0000000000419b1f                xAreStaticAllocationTasksStillRunning
 .text          0x0000000000419b80     0x19e0 Standard_Demo_Tasks\StreamBufferDemo.o
                0x0000000000419b80                vStartStreamBufferTasks
                0x000000000041b1ac                vPeriodicStreamBufferProcessing
                0x000000000041b3f2                xAreStreamBufferTasksStillRunning
 .text          0x000000000041b560      0x290 Standard_Demo_Tasks\StreamBufferInterrupt.o
                0x000000000041b560                vStartStreamBufferInterruptDemo
                0x000000000041b6ff                vBasicStreamBufferSendFromISR
                0x000000000041b7af                xIsInterruptStreamBufferDemoStillRunning
 .text          0x000000000041b7f0     0x1040 Standard_Demo_Tasks\TaskNotify.o
                0x000000000041b7f0                vStartTaskNotifyTask
                0x000000000041c617                xNotifyTaskFromISR
                0x000000000041c767                xAreTaskNotificationTasksStillRunning
 .text          0x000000000041c830     0x1900 Standard_Demo_Tasks\TimerDemo.o
                0x000000000041c830                vStartTimerDemoTask
                0x000000000041c9bd                xAreTimerDemoTasksStillRunning
                0x000000000041d713                vTimerPeriodicISRTests
 .text          0x000000000041e130      0x770 Standard_Demo_Tasks\blocktim.o
                0x000000000041e130                vCreateBlockTimeTasks
                0x000000000041e827                xAreBlockTimeTestTasksStillRunning
 .text          0x000000000041e8a0      0x3c0 Standard_Demo_Tasks\countsem.o
                0x000000000041e8a0                vStartCountingSemaphoreTasks
                0x000000000041ebe8                xAreCountingSemaphoreTasksStillRunning
 .text          0x000000000041ec60      0x210 Standard_Demo_Tasks\death.o
                0x000000000041ec60                vCreateSuicidalTasks
                0x000000000041ede5                xIsCreateTaskStillRunning
 .text          0x000000000041ee70      0x540 Standard_Demo_Tasks\dynamic.o
                0x000000000041ee70                vStartDynamicPriorityTasks
                0x000000000041f31e                xAreDynamicPriorityTasksStillRunning
 .text          0x000000000041f3b0      0x610 Standard_Demo_Tasks\flop.o
                0x000000000041f3b0                vStartMathTasks
                0x000000000041f950                xAreMathsTaskStillRunning
 .text          0x000000000041f9c0      0x170 Standard_Demo_Tasks\integer.o
                0x000000000041f9c0                vStartIntegerMathTasks
                0x000000000041fab8                xAreIntegerMathsTaskStillRunning
 .text          0x000000000041fb30      0x420 Standard_Demo_Tasks\semtest.o
                0x000000000041fb30                vStartSemaphoreTasks
                0x000000000041fec8                xAreSemaphoreTasksStillRunning
 .text          0x000000000041ff50      0xb50 code_coverage_additions.o
                0x0000000000420a48                xRunCodeCoverageTestAdditions
 .text          0x0000000000420aa0      0x6b0 main.o
                0x0000000000420aa0                main
                0x0000000000420b1d                vApplicationMallocFailedHook
                0x0000000000420b3d                vApplicationIdleHook
                0x0000000000420b44                vApplicationStackOverflowHook
                0x0000000000420b6c                vApplicationTickHook
                0x0000000000420b73                vApplicationDaemonTaskStartupHook
                0x0000000000420b7a                vAssertCalled
                0x00000000004210d9                vApplicationGetIdleTaskMemory
                0x0000000000421112                vApplicationGetTimerTaskMemory
 .text          0x0000000000421150      0x210 main_blinky.o
                0x0000000000421150                main_blinky
 .text          0x0000000000421360     0x1100 main_full.o
                0x0000000000421360                main_full
                0x0000000000421917                vFullDemoIdleFunction
                0x0000000000421a59                vFullDemoTickHookFunction
 .text          0x0000000000422460       0xf0 main_task1.o
                0x0000000000422460                main_task1
 .text          0x0000000000422550      0x150 main_task2.o
                0x0000000000422550                main_task2
 .text          0x00000000004226a0      0x150 main_task3.o
                0x00000000004226a0                main_task3
 .text          0x00000000004227f0      0x210 main_task4.o
                0x00000000004227f0                fun1
                0x00000000004228a6                fun2
                0x000000000042298c                main_task4
 .text          0x0000000000422a00        0x8 K:/embedded/General Tools/General Tools/mingw64/bin/../lib/gcc/x86_64-w64-mingw32/6.2.0/../../../../x86_64-w64-mingw32/lib/../lib/libwinmm.a(dmces00151.o)
                0x0000000000422a00                timeGetDevCaps
 .text          0x0000000000422a08        0x8 K:/embedded/General Tools/General Tools/mingw64/bin/../lib/gcc/x86_64-w64-mingw32/6.2.0/../../../../x86_64-w64-mingw32/lib/../lib/libwinmm.a(dmces00150.o)
                0x0000000000422a08                timeEndPeriod
 .text          0x0000000000422a10        0x8 K:/embedded/General Tools/General Tools/mingw64/bin/../lib/gcc/x86_64-w64-mingw32/6.2.0/../../../../x86_64-w64-mingw32/lib/../lib/libwinmm.a(dmces00149.o)
                0x0000000000422a10                timeBeginPeriod
 *fill*         0x0000000000422a18        0x8 
 .text          0x0000000000422a20        0x0 K:/embedded/General Tools/General Tools/mingw64/bin/../lib/gcc/x86_64-w64-mingw32/6.2.0/../../../../x86_64-w64-mingw32/lib/../lib/libwinmm.a(dmceh.o)
 .text          0x0000000000422a20        0x0 K:/embedded/General Tools/General Tools/mingw64/bin/../lib/gcc/x86_64-w64-mingw32/6.2.0/../../../../x86_64-w64-mingw32/lib/../lib/libwinmm.a(dmcet.o)
 .text          0x0000000000422a20       0xd0 K:/embedded/General Tools/General Tools/mingw64/bin/../lib/gcc/x86_64-w64-mingw32/6.2.0/../../../../x86_64-w64-mingw32/lib/../lib/libmingw32.a(lib64_libmingw32_a-atonexit.o)
                0x0000000000422a20                mingw_onexit
                0x0000000000422ad0                atexit
 .text          0x0000000000422af0       0xc0 K:/embedded/General Tools/General Tools/mingw64/bin/../lib/gcc/x86_64-w64-mingw32/6.2.0/../../../../x86_64-w64-mingw32/lib/../lib/libmingw32.a(lib64_libmingw32_a-gccmain.o)
                0x0000000000422af0                __do_global_dtors
                0x0000000000422b30                __do_global_ctors
                0x0000000000422b90                __main
 .text          0x0000000000422bb0        0x0 K:/embedded/General Tools/General Tools/mingw64/bin/../lib/gcc/x86_64-w64-mingw32/6.2.0/../../../../x86_64-w64-mingw32/lib/../lib/libmingw32.a(lib64_libmingw32_a-natstart.o)
 .text          0x0000000000422bb0        0x0 K:/embedded/General Tools/General Tools/mingw64/bin/../lib/gcc/x86_64-w64-mingw32/6.2.0/../../../../x86_64-w64-mingw32/lib/../lib/libmingw32.a(lib64_libmingw32_a-wildcard.o)
 .text          0x0000000000422bb0       0x10 K:/embedded/General Tools/General Tools/mingw64/bin/../lib/gcc/x86_64-w64-mingw32/6.2.0/../../../../x86_64-w64-mingw32/lib/../lib/libmingw32.a(lib64_libmingw32_a-charmax.o)
 .text          0x0000000000422bc0       0x10 K:/embedded/General Tools/General Tools/mingw64/bin/../lib/gcc/x86_64-w64-mingw32/6.2.0/../../../../x86_64-w64-mingw32/lib/../lib/libmingw32.a(lib64_libmingw32_a-dllargv.o)
                0x0000000000422bc0                _setargv
 .text          0x0000000000422bd0      0x1e0 K:/embedded/General Tools/General Tools/mingw64/bin/../lib/gcc/x86_64-w64-mingw32/6.2.0/../../../../x86_64-w64-mingw32/lib/../lib/libmingw32.a(lib64_libmingw32_a-gs_support.o)
                0x0000000000422bd0                __security_init_cookie
                0x0000000000422cb0                __report_gsfailure
 .text          0x0000000000422db0        0x0 K:/embedded/General Tools/General Tools/mingw64/bin/../lib/gcc/x86_64-w64-mingw32/6.2.0/../../../../x86_64-w64-mingw32/lib/../lib/libmingw32.a(lib64_libmingw32_a-_newmode.o)
 .text          0x0000000000422db0       0xb0 K:/embedded/General Tools/General Tools/mingw64/bin/../lib/gcc/x86_64-w64-mingw32/6.2.0/../../../../x86_64-w64-mingw32/lib/../lib/libmingw32.a(lib64_libmingw32_a-tlssup.o)
                0x0000000000422de0                __dyn_tls_init
                0x0000000000422e50                __tlregdtor
 .text          0x0000000000422e60        0x0 K:/embedded/General Tools/General Tools/mingw64/bin/../lib/gcc/x86_64-w64-mingw32/6.2.0/../../../../x86_64-w64-mingw32/lib/../lib/libmingw32.a(lib64_libmingw32_a-cinitexe.o)
 .text          0x0000000000422e60      0x160 K:/embedded/General Tools/General Tools/mingw64/bin/../lib/gcc/x86_64-w64-mingw32/6.2.0/../../../../x86_64-w64-mingw32/lib/../lib/libmingw32.a(lib64_libmingw32_a-merr.o)
                0x0000000000422e60                __mingw_raise_matherr
                0x0000000000422eb0                __mingw_setusermatherr
                0x0000000000422ec0                _matherr
 .text          0x0000000000422fc0       0x10 K:/embedded/General Tools/General Tools/mingw64/bin/../lib/gcc/x86_64-w64-mingw32/6.2.0/../../../../x86_64-w64-mingw32/lib/../lib/libmingw32.a(lib64_libmingw32_a-CRT_fp10.o)
                0x0000000000422fc0                fpreset
                0x0000000000422fc0                _fpreset
 .text          0x0000000000422fd0       0x20 K:/embedded/General Tools/General Tools/mingw64/bin/../lib/gcc/x86_64-w64-mingw32/6.2.0/../../../../x86_64-w64-mingw32/lib/../lib/libmingw32.a(lib64_libmingw32_a-mingw_helpers.o)
                0x0000000000422fd0                _decode_pointer
                0x0000000000422fe0                _encode_pointer
 .text          0x0000000000422ff0      0x4e0 K:/embedded/General Tools/General Tools/mingw64/bin/../lib/gcc/x86_64-w64-mingw32/6.2.0/../../../../x86_64-w64-mingw32/lib/../lib/libmingw32.a(lib64_libmingw32_a-pseudo-reloc.o)
                0x00000000004231d0                _pei386_runtime_relocator
 .text          0x00000000004234d0        0x0 K:/embedded/General Tools/General Tools/mingw64/bin/../lib/gcc/x86_64-w64-mingw32/6.2.0/../../../../x86_64-w64-mingw32/lib/../lib/libmingw32.a(lib64_libmingw32_a-xtxtmode.o)
 .text          0x00000000004234d0      0x460 K:/embedded/General Tools/General Tools/mingw64/bin/../lib/gcc/x86_64-w64-mingw32/6.2.0/../../../../x86_64-w64-mingw32/lib/../lib/libmingw32.a(lib64_libmingw32_a-crt_handler.o)
                0x00000000004234d0                __mingw_SEH_error_handler
                0x0000000000423680                __mingw_init_ehandler
                0x0000000000423770                _gnu_exception_handler
 .text          0x0000000000423930      0x270 K:/embedded/General Tools/General Tools/mingw64/bin/../lib/gcc/x86_64-w64-mingw32/6.2.0/../../../../x86_64-w64-mingw32/lib/../lib/libmingw32.a(lib64_libmingw32_a-tlsthrd.o)
                0x00000000004239a0                ___w64_mingwthr_add_key_dtor
                0x0000000000423a20                ___w64_mingwthr_remove_key_dtor
                0x0000000000423ac0                __mingw_TLScallback
 .text          0x0000000000423ba0        0x0 K:/embedded/General Tools/General Tools/mingw64/bin/../lib/gcc/x86_64-w64-mingw32/6.2.0/../../../../x86_64-w64-mingw32/lib/../lib/libmingw32.a(lib64_libmingw32_a-tlsmcrt.o)
 .text          0x0000000000423ba0        0x0 K:/embedded/General Tools/General Tools/mingw64/bin/../lib/gcc/x86_64-w64-mingw32/6.2.0/../../../../x86_64-w64-mingw32/lib/../lib/libmingw32.a(lib64_libmingw32_a-pseudo-reloc-list.o)
 .text          0x0000000000423ba0      0x3a0 K:/embedded/General Tools/General Tools/mingw64/bin/../lib/gcc/x86_64-w64-mingw32/6.2.0/../../../../x86_64-w64-mingw32/lib/../lib/libmingw32.a(lib64_libmingw32_a-pesect.o)
                0x0000000000423bc0                _ValidateImageBase
                0x0000000000423be0                _FindPESection
                0x0000000000423c30                _FindPESectionByName
                0x0000000000423cd0                __mingw_GetSectionForAddress
                0x0000000000423d20                __mingw_GetSectionCount
                0x0000000000423d60                _FindPESectionExec
                0x0000000000423df0                _GetPEImageBase
                0x0000000000423e30                _IsNonwritableInCurrentImage
                0x0000000000423e90                __mingw_enum_import_library_names
 .text          0x0000000000423f40       0x40 K:/embedded/General Tools/General Tools/mingw64/bin/../lib/gcc/x86_64-w64-mingw32/6.2.0/libgcc.a(_chkstk_ms.o)
                0x0000000000423f40                ___chkstk_ms
 .text          0x0000000000423f80        0x0 K:/embedded/General Tools/General Tools/mingw64/bin/../lib/gcc/x86_64-w64-mingw32/6.2.0/libgcc.a(_ctors.o)
 .text          0x0000000000423f80        0x0 K:/embedded/General Tools/General Tools/mingw64/bin/../lib/gcc/x86_64-w64-mingw32/6.2.0/../../../../x86_64-w64-mingw32/lib/../lib/libmingwex.a(lib64_libmingwex_a-mingw_matherr.o)
 .text          0x0000000000423f80        0x8 K:/embedded/General Tools/General Tools/mingw64/bin/../lib/gcc/x86_64-w64-mingw32/6.2.0/../../../../x86_64-w64-mingw32/lib/../lib/libmsvcrt.a(dekes01240.o)
                0x0000000000423f80                vfprintf
 .text          0x0000000000423f88        0x8 K:/embedded/General Tools/General Tools/mingw64/bin/../lib/gcc/x86_64-w64-mingw32/6.2.0/../../../../x86_64-w64-mingw32/lib/../lib/libmsvcrt.a(dekes01208.o)
                0x0000000000423f88                strncmp
 .text          0x0000000000423f90        0x8 K:/embedded/General Tools/General Tools/mingw64/bin/../lib/gcc/x86_64-w64-mingw32/6.2.0/../../../../x86_64-w64-mingw32/lib/../lib/libmsvcrt.a(dekes01205.o)
                0x0000000000423f90                strlen
 .text          0x0000000000423f98        0x8 K:/embedded/General Tools/General Tools/mingw64/bin/../lib/gcc/x86_64-w64-mingw32/6.2.0/../../../../x86_64-w64-mingw32/lib/../lib/libmsvcrt.a(dekes01198.o)
                0x0000000000423f98                strcmp
 .text          0x0000000000423fa0        0x8 K:/embedded/General Tools/General Tools/mingw64/bin/../lib/gcc/x86_64-w64-mingw32/6.2.0/../../../../x86_64-w64-mingw32/lib/../lib/libmsvcrt.a(dekes01189.o)
                0x0000000000423fa0                sprintf
 .text          0x0000000000423fa8        0x8 K:/embedded/General Tools/General Tools/mingw64/bin/../lib/gcc/x86_64-w64-mingw32/6.2.0/../../../../x86_64-w64-mingw32/lib/../lib/libmsvcrt.a(dekes01184.o)
                0x0000000000423fa8                signal
 .text          0x0000000000423fb0        0x8 K:/embedded/General Tools/General Tools/mingw64/bin/../lib/gcc/x86_64-w64-mingw32/6.2.0/../../../../x86_64-w64-mingw32/lib/../lib/libmsvcrt.a(dekes01183.o)
                0x0000000000423fb0                setvbuf
 .text          0x0000000000423fb8        0x8 K:/embedded/General Tools/General Tools/mingw64/bin/../lib/gcc/x86_64-w64-mingw32/6.2.0/../../../../x86_64-w64-mingw32/lib/../lib/libmsvcrt.a(dekes01173.o)
                0x0000000000423fb8                rand
 .text          0x0000000000423fc0        0x8 K:/embedded/General Tools/General Tools/mingw64/bin/../lib/gcc/x86_64-w64-mingw32/6.2.0/../../../../x86_64-w64-mingw32/lib/../lib/libmsvcrt.a(dekes01167.o)
                0x0000000000423fc0                puts
 .text          0x0000000000423fc8        0x8 K:/embedded/General Tools/General Tools/mingw64/bin/../lib/gcc/x86_64-w64-mingw32/6.2.0/../../../../x86_64-w64-mingw32/lib/../lib/libmsvcrt.a(dekes01166.o)
                0x0000000000423fc8                putchar
 .text          0x0000000000423fd0        0x8 K:/embedded/General Tools/General Tools/mingw64/bin/../lib/gcc/x86_64-w64-mingw32/6.2.0/../../../../x86_64-w64-mingw32/lib/../lib/libmsvcrt.a(dekes01163.o)
                0x0000000000423fd0                printf
 .text          0x0000000000423fd8        0x8 K:/embedded/General Tools/General Tools/mingw64/bin/../lib/gcc/x86_64-w64-mingw32/6.2.0/../../../../x86_64-w64-mingw32/lib/../lib/libmsvcrt.a(dekes01156.o)
                0x0000000000423fd8                memset
 .text          0x0000000000423fe0        0x8 K:/embedded/General Tools/General Tools/mingw64/bin/../lib/gcc/x86_64-w64-mingw32/6.2.0/../../../../x86_64-w64-mingw32/lib/../lib/libmsvcrt.a(dekes01154.o)
                0x0000000000423fe0                memcpy
 .text          0x0000000000423fe8        0x8 K:/embedded/General Tools/General Tools/mingw64/bin/../lib/gcc/x86_64-w64-mingw32/6.2.0/../../../../x86_64-w64-mingw32/lib/../lib/libmsvcrt.a(dekes01153.o)
                0x0000000000423fe8                memcmp
 .text          0x0000000000423ff0        0x8 K:/embedded/General Tools/General Tools/mingw64/bin/../lib/gcc/x86_64-w64-mingw32/6.2.0/../../../../x86_64-w64-mingw32/lib/../lib/libmsvcrt.a(dekes01146.o)
                0x0000000000423ff0                malloc
 .text          0x0000000000423ff8        0x8 K:/embedded/General Tools/General Tools/mingw64/bin/../lib/gcc/x86_64-w64-mingw32/6.2.0/../../../../x86_64-w64-mingw32/lib/../lib/libmsvcrt.a(dekes01099.o)
                0x0000000000423ff8                fwrite
 .text          0x0000000000424000        0x8 K:/embedded/General Tools/General Tools/mingw64/bin/../lib/gcc/x86_64-w64-mingw32/6.2.0/../../../../x86_64-w64-mingw32/lib/../lib/libmsvcrt.a(dekes01087.o)
                0x0000000000424000                free
 .text          0x0000000000424008        0x8 K:/embedded/General Tools/General Tools/mingw64/bin/../lib/gcc/x86_64-w64-mingw32/6.2.0/../../../../x86_64-w64-mingw32/lib/../lib/libmsvcrt.a(dekes01080.o)
                0x0000000000424008                fprintf
 .text          0x0000000000424010        0x8 K:/embedded/General Tools/General Tools/mingw64/bin/../lib/gcc/x86_64-w64-mingw32/6.2.0/../../../../x86_64-w64-mingw32/lib/../lib/libmsvcrt.a(dekes01078.o)
                0x0000000000424010                fopen
 .text          0x0000000000424018        0x8 K:/embedded/General Tools/General Tools/mingw64/bin/../lib/gcc/x86_64-w64-mingw32/6.2.0/../../../../x86_64-w64-mingw32/lib/../lib/libmsvcrt.a(dekes01068.o)
                0x0000000000424018                fflush
 .text          0x0000000000424020        0x8 K:/embedded/General Tools/General Tools/mingw64/bin/../lib/gcc/x86_64-w64-mingw32/6.2.0/../../../../x86_64-w64-mingw32/lib/../lib/libmsvcrt.a(dekes01065.o)
                0x0000000000424020                fclose
 .text          0x0000000000424028        0x8 K:/embedded/General Tools/General Tools/mingw64/bin/../lib/gcc/x86_64-w64-mingw32/6.2.0/../../../../x86_64-w64-mingw32/lib/../lib/libmsvcrt.a(dekes01061.o)
                0x0000000000424028                exit
 .text          0x0000000000424030        0x8 K:/embedded/General Tools/General Tools/mingw64/bin/../lib/gcc/x86_64-w64-mingw32/6.2.0/../../../../x86_64-w64-mingw32/lib/../lib/libmsvcrt.a(dekes01048.o)
                0x0000000000424030                calloc
 .text          0x0000000000424038        0x8 K:/embedded/General Tools/General Tools/mingw64/bin/../lib/gcc/x86_64-w64-mingw32/6.2.0/../../../../x86_64-w64-mingw32/lib/../lib/libmsvcrt.a(dekes01028.o)
                0x0000000000424038                abort
 .text          0x0000000000424040        0x8 K:/embedded/General Tools/General Tools/mingw64/bin/../lib/gcc/x86_64-w64-mingw32/6.2.0/../../../../x86_64-w64-mingw32/lib/../lib/libmsvcrt.a(dekes00820.o)
                0x0000000000424040                _unlock
 .text          0x0000000000424048        0x8 K:/embedded/General Tools/General Tools/mingw64/bin/../lib/gcc/x86_64-w64-mingw32/6.2.0/../../../../x86_64-w64-mingw32/lib/../lib/libmsvcrt.a(dekes00611.o)
                0x0000000000424048                _onexit
 .text          0x0000000000424050        0x8 K:/embedded/General Tools/General Tools/mingw64/bin/../lib/gcc/x86_64-w64-mingw32/6.2.0/../../../../x86_64-w64-mingw32/lib/../lib/libmsvcrt.a(dekes00438.o)
                0x0000000000424050                _lock
 .text          0x0000000000424058        0x8 K:/embedded/General Tools/General Tools/mingw64/bin/../lib/gcc/x86_64-w64-mingw32/6.2.0/../../../../x86_64-w64-mingw32/lib/../lib/libmsvcrt.a(dekes00330.o)
                0x0000000000424058                _initterm
 .text          0x0000000000424060        0x0 K:/embedded/General Tools/General Tools/mingw64/bin/../lib/gcc/x86_64-w64-mingw32/6.2.0/../../../../x86_64-w64-mingw32/lib/../lib/libmsvcrt.a(dekes00252.o)
 .text          0x0000000000424060        0x8 K:/embedded/General Tools/General Tools/mingw64/bin/../lib/gcc/x86_64-w64-mingw32/6.2.0/../../../../x86_64-w64-mingw32/lib/../lib/libmsvcrt.a(dekes00141.o)
                0x0000000000424060                _cexit
 .text          0x0000000000424068        0x8 K:/embedded/General Tools/General Tools/mingw64/bin/../lib/gcc/x86_64-w64-mingw32/6.2.0/../../../../x86_64-w64-mingw32/lib/../lib/libmsvcrt.a(dekes00123.o)
                0x0000000000424068                _amsg_exit
 .text          0x0000000000424070        0x0 K:/embedded/General Tools/General Tools/mingw64/bin/../lib/gcc/x86_64-w64-mingw32/6.2.0/../../../../x86_64-w64-mingw32/lib/../lib/libmsvcrt.a(dekes00116.o)
 .text          0x0000000000424070        0x8 K:/embedded/General Tools/General Tools/mingw64/bin/../lib/gcc/x86_64-w64-mingw32/6.2.0/../../../../x86_64-w64-mingw32/lib/../lib/libmsvcrt.a(dekes00099.o)
                0x0000000000424070                __setusermatherr
 .text          0x0000000000424078        0x8 K:/embedded/General Tools/General Tools/mingw64/bin/../lib/gcc/x86_64-w64-mingw32/6.2.0/../../../../x86_64-w64-mingw32/lib/../lib/libmsvcrt.a(dekes00097.o)
                0x0000000000424078                __set_app_type
 .text          0x0000000000424080        0x8 K:/embedded/General Tools/General Tools/mingw64/bin/../lib/gcc/x86_64-w64-mingw32/6.2.0/../../../../x86_64-w64-mingw32/lib/../lib/libmsvcrt.a(dekes00091.o)
                0x0000000000424080                __lconv_init
 .text          0x0000000000424088        0x8 K:/embedded/General Tools/General Tools/mingw64/bin/../lib/gcc/x86_64-w64-mingw32/6.2.0/../../../../x86_64-w64-mingw32/lib/../lib/libmsvcrt.a(dekes00083.o)
                0x0000000000424088                __iob_func
 .text          0x0000000000424090        0x0 K:/embedded/General Tools/General Tools/mingw64/bin/../lib/gcc/x86_64-w64-mingw32/6.2.0/../../../../x86_64-w64-mingw32/lib/../lib/libmsvcrt.a(dekes00082.o)
 .text          0x0000000000424090        0x8 K:/embedded/General Tools/General Tools/mingw64/bin/../lib/gcc/x86_64-w64-mingw32/6.2.0/../../../../x86_64-w64-mingw32/lib/../lib/libmsvcrt.a(dekes00081.o)
                0x0000000000424090                __getmainargs
 .text          0x0000000000424098        0x8 K:/embedded/General Tools/General Tools/mingw64/bin/../lib/gcc/x86_64-w64-mingw32/6.2.0/../../../../x86_64-w64-mingw32/lib/../lib/libmsvcrt.a(dekes00078.o)
                0x0000000000424098                __dllonexit
 .text          0x00000000004240a0        0x8 K:/embedded/General Tools/General Tools/mingw64/bin/../lib/gcc/x86_64-w64-mingw32/6.2.0/../../../../x86_64-w64-mingw32/lib/../lib/libmsvcrt.a(dekes00055.o)
                0x00000000004240a0                __C_specific_handler
 *fill*         0x00000000004240a8        0x8 
 .text          0x00000000004240b0       0x20 K:/embedded/General Tools/General Tools/mingw64/bin/../lib/gcc/x86_64-w64-mingw32/6.2.0/../../../../x86_64-w64-mingw32/lib/../lib/libmsvcrt.a(lib64_libmsvcrt_a-invalid_parameter_handler.o)
                0x00000000004240b0                _get_invalid_parameter_handler
                0x00000000004240c0                _set_invalid_parameter_handler
 .text          0x00000000004240d0        0x0 K:/embedded/General Tools/General Tools/mingw64/bin/../lib/gcc/x86_64-w64-mingw32/6.2.0/../../../../x86_64-w64-mingw32/lib/../lib/libmsvcrt.a(dekeh.o)
 .text          0x00000000004240d0        0x0 K:/embedded/General Tools/General Tools/mingw64/bin/../lib/gcc/x86_64-w64-mingw32/6.2.0/../../../../x86_64-w64-mingw32/lib/../lib/libmsvcrt.a(deket.o)
 .text          0x00000000004240d0        0x8 K:/embedded/General Tools/General Tools/mingw64/bin/../lib/gcc/x86_64-w64-mingw32/6.2.0/../../../../x86_64-w64-mingw32/lib/../lib/libkernel32.a(dmmds01274.o)
                0x00000000004240d0                WaitForSingleObject
 .text          0x00000000004240d8        0x8 K:/embedded/General Tools/General Tools/mingw64/bin/../lib/gcc/x86_64-w64-mingw32/6.2.0/../../../../x86_64-w64-mingw32/lib/../lib/libkernel32.a(dmmds01272.o)
                0x00000000004240d8                WaitForMultipleObjects
 .text          0x00000000004240e0        0x8 K:/embedded/General Tools/General Tools/mingw64/bin/../lib/gcc/x86_64-w64-mingw32/6.2.0/../../../../x86_64-w64-mingw32/lib/../lib/libkernel32.a(dmmds01266.o)
                0x00000000004240e0                VirtualQuery
 .text          0x00000000004240e8        0x8 K:/embedded/General Tools/General Tools/mingw64/bin/../lib/gcc/x86_64-w64-mingw32/6.2.0/../../../../x86_64-w64-mingw32/lib/../lib/libkernel32.a(dmmds01264.o)
                0x00000000004240e8                VirtualProtect
 .text          0x00000000004240f0        0x8 K:/embedded/General Tools/General Tools/mingw64/bin/../lib/gcc/x86_64-w64-mingw32/6.2.0/../../../../x86_64-w64-mingw32/lib/../lib/libkernel32.a(dmmds01234.o)
                0x00000000004240f0                UnhandledExceptionFilter
 .text          0x00000000004240f8        0x8 K:/embedded/General Tools/General Tools/mingw64/bin/../lib/gcc/x86_64-w64-mingw32/6.2.0/../../../../x86_64-w64-mingw32/lib/../lib/libkernel32.a(dmmds01221.o)
                0x00000000004240f8                TlsGetValue
 .text          0x0000000000424100        0x8 K:/embedded/General Tools/General Tools/mingw64/bin/../lib/gcc/x86_64-w64-mingw32/6.2.0/../../../../x86_64-w64-mingw32/lib/../lib/libkernel32.a(dmmds01215.o)
                0x0000000000424100                TerminateThread
 .text          0x0000000000424108        0x8 K:/embedded/General Tools/General Tools/mingw64/bin/../lib/gcc/x86_64-w64-mingw32/6.2.0/../../../../x86_64-w64-mingw32/lib/../lib/libkernel32.a(dmmds01214.o)
                0x0000000000424108                TerminateProcess
 .text          0x0000000000424110        0x8 K:/embedded/General Tools/General Tools/mingw64/bin/../lib/gcc/x86_64-w64-mingw32/6.2.0/../../../../x86_64-w64-mingw32/lib/../lib/libkernel32.a(dmmds01208.o)
                0x0000000000424110                SuspendThread
 .text          0x0000000000424118        0x8 K:/embedded/General Tools/General Tools/mingw64/bin/../lib/gcc/x86_64-w64-mingw32/6.2.0/../../../../x86_64-w64-mingw32/lib/../lib/libkernel32.a(dmmds01200.o)
                0x0000000000424118                Sleep
 .text          0x0000000000424120        0x8 K:/embedded/General Tools/General Tools/mingw64/bin/../lib/gcc/x86_64-w64-mingw32/6.2.0/../../../../x86_64-w64-mingw32/lib/../lib/libkernel32.a(dmmds01187.o)
                0x0000000000424120                SetUnhandledExceptionFilter
 .text          0x0000000000424128        0x8 K:/embedded/General Tools/General Tools/mingw64/bin/../lib/gcc/x86_64-w64-mingw32/6.2.0/../../../../x86_64-w64-mingw32/lib/../lib/libkernel32.a(dmmds01175.o)
                0x0000000000424128                SetThreadPriorityBoost
 .text          0x0000000000424130        0x8 K:/embedded/General Tools/General Tools/mingw64/bin/../lib/gcc/x86_64-w64-mingw32/6.2.0/../../../../x86_64-w64-mingw32/lib/../lib/libkernel32.a(dmmds01174.o)
                0x0000000000424130                SetThreadPriority
 .text          0x0000000000424138        0x8 K:/embedded/General Tools/General Tools/mingw64/bin/../lib/gcc/x86_64-w64-mingw32/6.2.0/../../../../x86_64-w64-mingw32/lib/../lib/libkernel32.a(dmmds01165.o)
                0x0000000000424138                SetThreadAffinityMask
 .text          0x0000000000424140        0x8 K:/embedded/General Tools/General Tools/mingw64/bin/../lib/gcc/x86_64-w64-mingw32/6.2.0/../../../../x86_64-w64-mingw32/lib/../lib/libkernel32.a(dmmds01146.o)
                0x0000000000424140                SetPriorityClass
 .text          0x0000000000424148        0x8 K:/embedded/General Tools/General Tools/mingw64/bin/../lib/gcc/x86_64-w64-mingw32/6.2.0/../../../../x86_64-w64-mingw32/lib/../lib/libkernel32.a(dmmds01111.o)
                0x0000000000424148                SetEvent
 .text          0x0000000000424150        0x8 K:/embedded/General Tools/General Tools/mingw64/bin/../lib/gcc/x86_64-w64-mingw32/6.2.0/../../../../x86_64-w64-mingw32/lib/../lib/libkernel32.a(dmmds01067.o)
                0x0000000000424150                SetConsoleCtrlHandler
 .text          0x0000000000424158        0x8 K:/embedded/General Tools/General Tools/mingw64/bin/../lib/gcc/x86_64-w64-mingw32/6.2.0/../../../../x86_64-w64-mingw32/lib/../lib/libkernel32.a(dmmds01044.o)
                0x0000000000424158                RtlVirtualUnwind
 .text          0x0000000000424160        0x8 K:/embedded/General Tools/General Tools/mingw64/bin/../lib/gcc/x86_64-w64-mingw32/6.2.0/../../../../x86_64-w64-mingw32/lib/../lib/libkernel32.a(dmmds01037.o)
                0x0000000000424160                RtlLookupFunctionEntry
 .text          0x0000000000424168        0x8 K:/embedded/General Tools/General Tools/mingw64/bin/../lib/gcc/x86_64-w64-mingw32/6.2.0/../../../../x86_64-w64-mingw32/lib/../lib/libkernel32.a(dmmds01030.o)
                0x0000000000424168                RtlCaptureContext
 .text          0x0000000000424170        0x8 K:/embedded/General Tools/General Tools/mingw64/bin/../lib/gcc/x86_64-w64-mingw32/6.2.0/../../../../x86_64-w64-mingw32/lib/../lib/libkernel32.a(dmmds01029.o)
                0x0000000000424170                RtlAddFunctionTable
 .text          0x0000000000424178        0x8 K:/embedded/General Tools/General Tools/mingw64/bin/../lib/gcc/x86_64-w64-mingw32/6.2.0/../../../../x86_64-w64-mingw32/lib/../lib/libkernel32.a(dmmds01028.o)
                0x0000000000424178                ResumeThread
 .text          0x0000000000424180        0x8 K:/embedded/General Tools/General Tools/mingw64/bin/../lib/gcc/x86_64-w64-mingw32/6.2.0/../../../../x86_64-w64-mingw32/lib/../lib/libkernel32.a(dmmds01024.o)
                0x0000000000424180                ResetEvent
 .text          0x0000000000424188        0x8 K:/embedded/General Tools/General Tools/mingw64/bin/../lib/gcc/x86_64-w64-mingw32/6.2.0/../../../../x86_64-w64-mingw32/lib/../lib/libkernel32.a(dmmds01003.o)
                0x0000000000424188                ReleaseMutex
 .text          0x0000000000424190        0x8 K:/embedded/General Tools/General Tools/mingw64/bin/../lib/gcc/x86_64-w64-mingw32/6.2.0/../../../../x86_64-w64-mingw32/lib/../lib/libkernel32.a(dmmds00959.o)
                0x0000000000424190                QueryPerformanceFrequency
 .text          0x0000000000424198        0x8 K:/embedded/General Tools/General Tools/mingw64/bin/../lib/gcc/x86_64-w64-mingw32/6.2.0/../../../../x86_64-w64-mingw32/lib/../lib/libkernel32.a(dmmds00958.o)
                0x0000000000424198                QueryPerformanceCounter
 .text          0x00000000004241a0        0x8 K:/embedded/General Tools/General Tools/mingw64/bin/../lib/gcc/x86_64-w64-mingw32/6.2.0/../../../../x86_64-w64-mingw32/lib/../lib/libkernel32.a(dmmds00844.o)
                0x00000000004241a0                LeaveCriticalSection
 .text          0x00000000004241a8        0x8 K:/embedded/General Tools/General Tools/mingw64/bin/../lib/gcc/x86_64-w64-mingw32/6.2.0/../../../../x86_64-w64-mingw32/lib/../lib/libkernel32.a(dmmds00762.o)
                0x00000000004241a8                InitializeCriticalSection
 .text          0x00000000004241b0        0x8 K:/embedded/General Tools/General Tools/mingw64/bin/../lib/gcc/x86_64-w64-mingw32/6.2.0/../../../../x86_64-w64-mingw32/lib/../lib/libkernel32.a(dmmds00678.o)
                0x00000000004241b0                GetTickCount
 .text          0x00000000004241b8        0x8 K:/embedded/General Tools/General Tools/mingw64/bin/../lib/gcc/x86_64-w64-mingw32/6.2.0/../../../../x86_64-w64-mingw32/lib/../lib/libkernel32.a(dmmds00665.o)
                0x00000000004241b8                GetThreadContext
 .text          0x00000000004241c0        0x8 K:/embedded/General Tools/General Tools/mingw64/bin/../lib/gcc/x86_64-w64-mingw32/6.2.0/../../../../x86_64-w64-mingw32/lib/../lib/libkernel32.a(dmmds00651.o)
                0x00000000004241c0                GetSystemTimeAsFileTime
 .text          0x00000000004241c8        0x8 K:/embedded/General Tools/General Tools/mingw64/bin/../lib/gcc/x86_64-w64-mingw32/6.2.0/../../../../x86_64-w64-mingw32/lib/../lib/libkernel32.a(dmmds00645.o)
                0x00000000004241c8                GetSystemInfo
 .text          0x00000000004241d0        0x8 K:/embedded/General Tools/General Tools/mingw64/bin/../lib/gcc/x86_64-w64-mingw32/6.2.0/../../../../x86_64-w64-mingw32/lib/../lib/libkernel32.a(dmmds00628.o)
                0x00000000004241d0                GetStartupInfoA
 .text          0x00000000004241d8        0x8 K:/embedded/General Tools/General Tools/mingw64/bin/../lib/gcc/x86_64-w64-mingw32/6.2.0/../../../../x86_64-w64-mingw32/lib/../lib/libkernel32.a(dmmds00599.o)
                0x00000000004241d8                GetProcAddress
 .text          0x00000000004241e0        0x8 K:/embedded/General Tools/General Tools/mingw64/bin/../lib/gcc/x86_64-w64-mingw32/6.2.0/../../../../x86_64-w64-mingw32/lib/../lib/libkernel32.a(dmmds00549.o)
                0x00000000004241e0                GetModuleHandleA
 .text          0x00000000004241e8        0x8 K:/embedded/General Tools/General Tools/mingw64/bin/../lib/gcc/x86_64-w64-mingw32/6.2.0/../../../../x86_64-w64-mingw32/lib/../lib/libkernel32.a(dmmds00529.o)
                0x00000000004241e8                GetLastError
 .text          0x00000000004241f0        0x8 K:/embedded/General Tools/General Tools/mingw64/bin/../lib/gcc/x86_64-w64-mingw32/6.2.0/../../../../x86_64-w64-mingw32/lib/../lib/libkernel32.a(dmmds00467.o)
                0x00000000004241f0                GetCurrentThreadId
 .text          0x00000000004241f8        0x8 K:/embedded/General Tools/General Tools/mingw64/bin/../lib/gcc/x86_64-w64-mingw32/6.2.0/../../../../x86_64-w64-mingw32/lib/../lib/libkernel32.a(dmmds00466.o)
                0x00000000004241f8                GetCurrentThread
 .text          0x0000000000424200        0x8 K:/embedded/General Tools/General Tools/mingw64/bin/../lib/gcc/x86_64-w64-mingw32/6.2.0/../../../../x86_64-w64-mingw32/lib/../lib/libkernel32.a(dmmds00463.o)
                0x0000000000424200                GetCurrentProcessId
 .text          0x0000000000424208        0x8 K:/embedded/General Tools/General Tools/mingw64/bin/../lib/gcc/x86_64-w64-mingw32/6.2.0/../../../../x86_64-w64-mingw32/lib/../lib/libkernel32.a(dmmds00462.o)
                0x0000000000424208                GetCurrentProcess
 .text          0x0000000000424210        0x8 K:/embedded/General Tools/General Tools/mingw64/bin/../lib/gcc/x86_64-w64-mingw32/6.2.0/../../../../x86_64-w64-mingw32/lib/../lib/libkernel32.a(dmmds00295.o)
                0x0000000000424210                ExitThread
 .text          0x0000000000424218        0x8 K:/embedded/General Tools/General Tools/mingw64/bin/../lib/gcc/x86_64-w64-mingw32/6.2.0/../../../../x86_64-w64-mingw32/lib/../lib/libkernel32.a(dmmds00249.o)
                0x0000000000424218                EnterCriticalSection
 .text          0x0000000000424220        0x8 K:/embedded/General Tools/General Tools/mingw64/bin/../lib/gcc/x86_64-w64-mingw32/6.2.0/../../../../x86_64-w64-mingw32/lib/../lib/libkernel32.a(dmmds00216.o)
                0x0000000000424220                DeleteCriticalSection
 .text          0x0000000000424228        0x8 K:/embedded/General Tools/General Tools/mingw64/bin/../lib/gcc/x86_64-w64-mingw32/6.2.0/../../../../x86_64-w64-mingw32/lib/../lib/libkernel32.a(dmmds00186.o)
                0x0000000000424228                CreateThread
 .text          0x0000000000424230        0x8 K:/embedded/General Tools/General Tools/mingw64/bin/../lib/gcc/x86_64-w64-mingw32/6.2.0/../../../../x86_64-w64-mingw32/lib/../lib/libkernel32.a(dmmds00160.o)
                0x0000000000424230                CreateMutexA
 .text          0x0000000000424238        0x8 K:/embedded/General Tools/General Tools/mingw64/bin/../lib/gcc/x86_64-w64-mingw32/6.2.0/../../../../x86_64-w64-mingw32/lib/../lib/libkernel32.a(dmmds00134.o)
                0x0000000000424238                CreateEventA
 .text          0x0000000000424240        0x8 K:/embedded/General Tools/General Tools/mingw64/bin/../lib/gcc/x86_64-w64-mingw32/6.2.0/../../../../x86_64-w64-mingw32/lib/../lib/libkernel32.a(dmmds00085.o)
                0x0000000000424240                CloseHandle
 *fill*         0x0000000000424248        0x8 
 .text          0x0000000000424250        0x0 K:/embedded/General Tools/General Tools/mingw64/bin/../lib/gcc/x86_64-w64-mingw32/6.2.0/../../../../x86_64-w64-mingw32/lib/../lib/libkernel32.a(dmmdh.o)
 .text          0x0000000000424250        0x0 K:/embedded/General Tools/General Tools/mingw64/bin/../lib/gcc/x86_64-w64-mingw32/6.2.0/../../../../x86_64-w64-mingw32/lib/../lib/libkernel32.a(dmmdt.o)
 .text          0x0000000000424250        0x0 K:/embedded/General Tools/General Tools/mingw64/bin/../lib/gcc/x86_64-w64-mingw32/6.2.0/crtend.o
 *(SORT(.text$*))
 *(.text.*)
 .text.unlikely
                0x0000000000424250        0x0 K:/embedded/General Tools/General Tools/mingw64/bin/../lib/gcc/x86_64-w64-mingw32/6.2.0/../../../../x86_64-w64-mingw32/lib/../lib/crt2.o
 .text.unlikely
                0x0000000000424250        0x0 K:/embedded/General Tools/General Tools/mingw64/bin/../lib/gcc/x86_64-w64-mingw32/6.2.0/../../../../x86_64-w64-mingw32/lib/../lib/libmingw32.a(lib64_libmingw32_a-atonexit.o)
 .text.unlikely
                0x0000000000424250        0x0 K:/embedded/General Tools/General Tools/mingw64/bin/../lib/gcc/x86_64-w64-mingw32/6.2.0/../../../../x86_64-w64-mingw32/lib/../lib/libmingw32.a(lib64_libmingw32_a-gccmain.o)
 .text.unlikely
                0x0000000000424250        0x0 K:/embedded/General Tools/General Tools/mingw64/bin/../lib/gcc/x86_64-w64-mingw32/6.2.0/../../../../x86_64-w64-mingw32/lib/../lib/libmingw32.a(lib64_libmingw32_a-charmax.o)
 .text.unlikely
                0x0000000000424250        0x0 K:/embedded/General Tools/General Tools/mingw64/bin/../lib/gcc/x86_64-w64-mingw32/6.2.0/../../../../x86_64-w64-mingw32/lib/../lib/libmingw32.a(lib64_libmingw32_a-dllargv.o)
 .text.unlikely
                0x0000000000424250        0x0 K:/embedded/General Tools/General Tools/mingw64/bin/../lib/gcc/x86_64-w64-mingw32/6.2.0/../../../../x86_64-w64-mingw32/lib/../lib/libmingw32.a(lib64_libmingw32_a-gs_support.o)
 .text.unlikely
                0x0000000000424250        0x0 K:/embedded/General Tools/General Tools/mingw64/bin/../lib/gcc/x86_64-w64-mingw32/6.2.0/../../../../x86_64-w64-mingw32/lib/../lib/libmingw32.a(lib64_libmingw32_a-tlssup.o)
 .text.unlikely
                0x0000000000424250        0x0 K:/embedded/General Tools/General Tools/mingw64/bin/../lib/gcc/x86_64-w64-mingw32/6.2.0/../../../../x86_64-w64-mingw32/lib/../lib/libmingw32.a(lib64_libmingw32_a-merr.o)
 .text.unlikely
                0x0000000000424250        0x0 K:/embedded/General Tools/General Tools/mingw64/bin/../lib/gcc/x86_64-w64-mingw32/6.2.0/../../../../x86_64-w64-mingw32/lib/../lib/libmingw32.a(lib64_libmingw32_a-CRT_fp10.o)
 .text.unlikely
                0x0000000000424250        0x0 K:/embedded/General Tools/General Tools/mingw64/bin/../lib/gcc/x86_64-w64-mingw32/6.2.0/../../../../x86_64-w64-mingw32/lib/../lib/libmingw32.a(lib64_libmingw32_a-mingw_helpers.o)
 .text.unlikely
                0x0000000000424250        0x0 K:/embedded/General Tools/General Tools/mingw64/bin/../lib/gcc/x86_64-w64-mingw32/6.2.0/../../../../x86_64-w64-mingw32/lib/../lib/libmingw32.a(lib64_libmingw32_a-pseudo-reloc.o)
 .text.unlikely
                0x0000000000424250        0x0 K:/embedded/General Tools/General Tools/mingw64/bin/../lib/gcc/x86_64-w64-mingw32/6.2.0/../../../../x86_64-w64-mingw32/lib/../lib/libmingw32.a(lib64_libmingw32_a-crt_handler.o)
 .text.unlikely
                0x0000000000424250        0x0 K:/embedded/General Tools/General Tools/mingw64/bin/../lib/gcc/x86_64-w64-mingw32/6.2.0/../../../../x86_64-w64-mingw32/lib/../lib/libmingw32.a(lib64_libmingw32_a-tlsthrd.o)
 .text.unlikely
                0x0000000000424250        0x0 K:/embedded/General Tools/General Tools/mingw64/bin/../lib/gcc/x86_64-w64-mingw32/6.2.0/../../../../x86_64-w64-mingw32/lib/../lib/libmingw32.a(lib64_libmingw32_a-pesect.o)
 .text.unlikely
                0x0000000000424250        0x0 K:/embedded/General Tools/General Tools/mingw64/bin/../lib/gcc/x86_64-w64-mingw32/6.2.0/../../../../x86_64-w64-mingw32/lib/../lib/libmsvcrt.a(lib64_libmsvcrt_a-invalid_parameter_handler.o)
 .text.startup  0x0000000000424250       0x10 K:/embedded/General Tools/General Tools/mingw64/bin/../lib/gcc/x86_64-w64-mingw32/6.2.0/crtend.o
 *(.gnu.linkonce.t.*)
 *(.glue_7t)
 *(.glue_7)
                0x0000000000424260                . = ALIGN (0x8)
                0x0000000000424260                ___CTOR_LIST__ = .
                0x0000000000424260                __CTOR_LIST__ = .
                0x0000000000424260        0x4 LONG 0xffffffffffffffff
                0x0000000000424264        0x4 LONG 0xffffffffffffffff
 *(.ctors)
 *(.ctor)
 *(SORT(.ctors.*))
 .ctors.65535   0x0000000000424268        0x8 K:/embedded/General Tools/General Tools/mingw64/bin/../lib/gcc/x86_64-w64-mingw32/6.2.0/crtend.o
                0x0000000000424270        0x4 LONG 0x0
                0x0000000000424274        0x4 LONG 0x0
                0x0000000000424278                ___DTOR_LIST__ = .
                0x0000000000424278                __DTOR_LIST__ = .
                0x0000000000424278        0x4 LONG 0xffffffffffffffff
                0x000000000042427c        0x4 LONG 0xffffffffffffffff
 *(.dtors)
 *(.dtor)
 *(SORT(.dtors.*))
                0x0000000000424280        0x4 LONG 0x0
                0x0000000000424284        0x4 LONG 0x0
 *(.fini)
 *(.gcc_exc)
                0x0000000000424288                PROVIDE (etext, .)
 *(.gcc_except_table)

.data           0x0000000000425000      0x200
                0x0000000000425000                __data_start__ = .
 *(.data)
 .data          0x0000000000425000       0x10 K:/embedded/General Tools/General Tools/mingw64/bin/../lib/gcc/x86_64-w64-mingw32/6.2.0/../../../../x86_64-w64-mingw32/lib/../lib/crt2.o
                0x0000000000425000                __mingw_winmain_nShowCmd
 .data          0x0000000000425010        0x0 K:/embedded/General Tools/General Tools/mingw64/bin/../lib/gcc/x86_64-w64-mingw32/6.2.0/crtbegin.o
 .data          0x0000000000425010        0x0 DemosModifiedForLowTickRate\recmutex.o
 .data          0x0000000000425010       0x10 FreeRTOS+Trace Recorder\trcKernelPort.o
                0x0000000000425010                TraceQueueClassTable
 .data          0x0000000000425020       0x10 FreeRTOS+Trace Recorder\trcSnapshotRecorder.o
                0x0000000000425024                CurrentFilterMask
                0x0000000000425026                CurrentFilterGroup
 .data          0x0000000000425030        0x0 FreeRTOS+Trace Recorder\trcStreamingRecorder.o
 .data          0x0000000000425030        0x0 FreeRTOS_Source\croutine.o
 .data          0x0000000000425030        0x0 FreeRTOS_Source\event_groups.o
 .data          0x0000000000425030        0x0 FreeRTOS_Source\list.o
 .data          0x0000000000425030       0x10 FreeRTOS_Source\portable\MSVC-MingW\port.o
 .data          0x0000000000425040        0x0 FreeRTOS_Source\portable\MemMang\heap_5.o
 .data          0x0000000000425040        0x0 FreeRTOS_Source\queue.o
 .data          0x0000000000425040        0x0 FreeRTOS_Source\stream_buffer.o
 .data          0x0000000000425040        0x0 FreeRTOS_Source\tasks.o
 .data          0x0000000000425040        0x0 FreeRTOS_Source\timers.o
 .data          0x0000000000425040        0x0 Run-time-stats-utils.o
 .data          0x0000000000425040       0x10 Standard_Demo_Tasks\AbortDelay.o
 .data          0x0000000000425050        0x0 Standard_Demo_Tasks\BlockQ.o
 .data          0x0000000000425050        0x0 Standard_Demo_Tasks\EventGroupsDemo.o
 .data          0x0000000000425050        0x0 Standard_Demo_Tasks\GenQTest.o
 .data          0x0000000000425050        0x0 Standard_Demo_Tasks\IntSemTest.o
 .data          0x0000000000425050       0x10 Standard_Demo_Tasks\MessageBufferAMP.o
                0x0000000000425050                xDemoStatus
 .data          0x0000000000425060       0x10 Standard_Demo_Tasks\MessageBufferDemo.o
 .data          0x0000000000425070        0x0 Standard_Demo_Tasks\PollQ.o
 .data          0x0000000000425070        0x0 Standard_Demo_Tasks\QPeek.o
 .data          0x0000000000425070       0x10 Standard_Demo_Tasks\QueueOverwrite.o
 .data          0x0000000000425080       0x10 Standard_Demo_Tasks\QueueSet.o
 .data          0x0000000000425090       0x10 Standard_Demo_Tasks\QueueSetPolling.o
 .data          0x00000000004250a0        0x0 Standard_Demo_Tasks\StaticAllocation.o
 .data          0x00000000004250a0       0x20 Standard_Demo_Tasks\StreamBufferDemo.o
 .data          0x00000000004250c0       0x20 Standard_Demo_Tasks\StreamBufferInterrupt.o
 .data          0x00000000004250e0       0x10 Standard_Demo_Tasks\TaskNotify.o
 .data          0x00000000004250f0       0x10 Standard_Demo_Tasks\TimerDemo.o
 .data          0x0000000000425100        0x0 Standard_Demo_Tasks\blocktim.o
 .data          0x0000000000425100        0x0 Standard_Demo_Tasks\countsem.o
 .data          0x0000000000425100       0x10 Standard_Demo_Tasks\death.o
 .data          0x0000000000425110        0x0 Standard_Demo_Tasks\dynamic.o
 .data          0x0000000000425110        0x0 Standard_Demo_Tasks\flop.o
 .data          0x0000000000425110        0x0 Standard_Demo_Tasks\integer.o
 .data          0x0000000000425110        0x0 Standard_Demo_Tasks\semtest.o
 .data          0x0000000000425110        0x0 code_coverage_additions.o
 .data          0x0000000000425110       0x10 main.o
 .data          0x0000000000425120        0x0 main_blinky.o
 .data          0x0000000000425120       0x10 main_full.o
 .data          0x0000000000425130        0x0 main_task1.o
 .data          0x0000000000425130        0x0 main_task2.o
 .data          0x0000000000425130        0x0 main_task3.o
 .data          0x0000000000425130        0x0 main_task4.o
 .data          0x0000000000425130        0x0 K:/embedded/General Tools/General Tools/mingw64/bin/../lib/gcc/x86_64-w64-mingw32/6.2.0/../../../../x86_64-w64-mingw32/lib/../lib/libwinmm.a(dmces00151.o)
 .data          0x0000000000425130        0x0 K:/embedded/General Tools/General Tools/mingw64/bin/../lib/gcc/x86_64-w64-mingw32/6.2.0/../../../../x86_64-w64-mingw32/lib/../lib/libwinmm.a(dmces00150.o)
 .data          0x0000000000425130        0x0 K:/embedded/General Tools/General Tools/mingw64/bin/../lib/gcc/x86_64-w64-mingw32/6.2.0/../../../../x86_64-w64-mingw32/lib/../lib/libwinmm.a(dmces00149.o)
 .data          0x0000000000425130        0x0 K:/embedded/General Tools/General Tools/mingw64/bin/../lib/gcc/x86_64-w64-mingw32/6.2.0/../../../../x86_64-w64-mingw32/lib/../lib/libwinmm.a(dmceh.o)
 .data          0x0000000000425130        0x0 K:/embedded/General Tools/General Tools/mingw64/bin/../lib/gcc/x86_64-w64-mingw32/6.2.0/../../../../x86_64-w64-mingw32/lib/../lib/libwinmm.a(dmcet.o)
 .data          0x0000000000425130        0x0 K:/embedded/General Tools/General Tools/mingw64/bin/../lib/gcc/x86_64-w64-mingw32/6.2.0/../../../../x86_64-w64-mingw32/lib/../lib/libmingw32.a(lib64_libmingw32_a-atonexit.o)
 .data          0x0000000000425130       0x10 K:/embedded/General Tools/General Tools/mingw64/bin/../lib/gcc/x86_64-w64-mingw32/6.2.0/../../../../x86_64-w64-mingw32/lib/../lib/libmingw32.a(lib64_libmingw32_a-gccmain.o)
 .data          0x0000000000425140       0x10 K:/embedded/General Tools/General Tools/mingw64/bin/../lib/gcc/x86_64-w64-mingw32/6.2.0/../../../../x86_64-w64-mingw32/lib/../lib/libmingw32.a(lib64_libmingw32_a-natstart.o)
                0x0000000000425140                __native_vcclrit_reason
                0x0000000000425144                __native_dllmain_reason
 .data          0x0000000000425150       0x10 K:/embedded/General Tools/General Tools/mingw64/bin/../lib/gcc/x86_64-w64-mingw32/6.2.0/../../../../x86_64-w64-mingw32/lib/../lib/libmingw32.a(lib64_libmingw32_a-wildcard.o)
                0x0000000000425150                _dowildcard
 .data          0x0000000000425160       0x10 K:/embedded/General Tools/General Tools/mingw64/bin/../lib/gcc/x86_64-w64-mingw32/6.2.0/../../../../x86_64-w64-mingw32/lib/../lib/libmingw32.a(lib64_libmingw32_a-charmax.o)
                0x0000000000425160                _charmax
 .data          0x0000000000425170        0x0 K:/embedded/General Tools/General Tools/mingw64/bin/../lib/gcc/x86_64-w64-mingw32/6.2.0/../../../../x86_64-w64-mingw32/lib/../lib/libmingw32.a(lib64_libmingw32_a-dllargv.o)
 .data          0x0000000000425170        0x0 K:/embedded/General Tools/General Tools/mingw64/bin/../lib/gcc/x86_64-w64-mingw32/6.2.0/../../../../x86_64-w64-mingw32/lib/../lib/libmingw32.a(lib64_libmingw32_a-gs_support.o)
 .data          0x0000000000425170        0x0 K:/embedded/General Tools/General Tools/mingw64/bin/../lib/gcc/x86_64-w64-mingw32/6.2.0/../../../../x86_64-w64-mingw32/lib/../lib/libmingw32.a(lib64_libmingw32_a-_newmode.o)
 .data          0x0000000000425170        0x0 K:/embedded/General Tools/General Tools/mingw64/bin/../lib/gcc/x86_64-w64-mingw32/6.2.0/../../../../x86_64-w64-mingw32/lib/../lib/libmingw32.a(lib64_libmingw32_a-tlssup.o)
 .data          0x0000000000425170        0x0 K:/embedded/General Tools/General Tools/mingw64/bin/../lib/gcc/x86_64-w64-mingw32/6.2.0/../../../../x86_64-w64-mingw32/lib/../lib/libmingw32.a(lib64_libmingw32_a-cinitexe.o)
 .data          0x0000000000425170        0x0 K:/embedded/General Tools/General Tools/mingw64/bin/../lib/gcc/x86_64-w64-mingw32/6.2.0/../../../../x86_64-w64-mingw32/lib/../lib/libmingw32.a(lib64_libmingw32_a-merr.o)
 .data          0x0000000000425170        0x0 K:/embedded/General Tools/General Tools/mingw64/bin/../lib/gcc/x86_64-w64-mingw32/6.2.0/../../../../x86_64-w64-mingw32/lib/../lib/libmingw32.a(lib64_libmingw32_a-CRT_fp10.o)
 .data          0x0000000000425170        0x0 K:/embedded/General Tools/General Tools/mingw64/bin/../lib/gcc/x86_64-w64-mingw32/6.2.0/../../../../x86_64-w64-mingw32/lib/../lib/libmingw32.a(lib64_libmingw32_a-mingw_helpers.o)
 .data          0x0000000000425170        0x0 K:/embedded/General Tools/General Tools/mingw64/bin/../lib/gcc/x86_64-w64-mingw32/6.2.0/../../../../x86_64-w64-mingw32/lib/../lib/libmingw32.a(lib64_libmingw32_a-pseudo-reloc.o)
 .data          0x0000000000425170        0x0 K:/embedded/General Tools/General Tools/mingw64/bin/../lib/gcc/x86_64-w64-mingw32/6.2.0/../../../../x86_64-w64-mingw32/lib/../lib/libmingw32.a(lib64_libmingw32_a-xtxtmode.o)
 .data          0x0000000000425170        0x0 K:/embedded/General Tools/General Tools/mingw64/bin/../lib/gcc/x86_64-w64-mingw32/6.2.0/../../../../x86_64-w64-mingw32/lib/../lib/libmingw32.a(lib64_libmingw32_a-crt_handler.o)
 .data          0x0000000000425170        0x0 K:/embedded/General Tools/General Tools/mingw64/bin/../lib/gcc/x86_64-w64-mingw32/6.2.0/../../../../x86_64-w64-mingw32/lib/../lib/libmingw32.a(lib64_libmingw32_a-tlsthrd.o)
 .data          0x0000000000425170       0x10 K:/embedded/General Tools/General Tools/mingw64/bin/../lib/gcc/x86_64-w64-mingw32/6.2.0/../../../../x86_64-w64-mingw32/lib/../lib/libmingw32.a(lib64_libmingw32_a-tlsmcrt.o)
                0x0000000000425170                _CRT_MT
 .data          0x0000000000425180        0x0 K:/embedded/General Tools/General Tools/mingw64/bin/../lib/gcc/x86_64-w64-mingw32/6.2.0/../../../../x86_64-w64-mingw32/lib/../lib/libmingw32.a(lib64_libmingw32_a-pseudo-reloc-list.o)
 .data          0x0000000000425180        0x0 K:/embedded/General Tools/General Tools/mingw64/bin/../lib/gcc/x86_64-w64-mingw32/6.2.0/../../../../x86_64-w64-mingw32/lib/../lib/libmingw32.a(lib64_libmingw32_a-pesect.o)
 .data          0x0000000000425180        0x0 K:/embedded/General Tools/General Tools/mingw64/bin/../lib/gcc/x86_64-w64-mingw32/6.2.0/libgcc.a(_chkstk_ms.o)
 .data          0x0000000000425180        0x0 K:/embedded/General Tools/General Tools/mingw64/bin/../lib/gcc/x86_64-w64-mingw32/6.2.0/libgcc.a(_ctors.o)
 .data          0x0000000000425180       0x10 K:/embedded/General Tools/General Tools/mingw64/bin/../lib/gcc/x86_64-w64-mingw32/6.2.0/../../../../x86_64-w64-mingw32/lib/../lib/libmingwex.a(lib64_libmingwex_a-mingw_matherr.o)
                0x0000000000425180                _MINGW_INSTALL_DEBUG_MATHERR
 .data          0x0000000000425190        0x0 K:/embedded/General Tools/General Tools/mingw64/bin/../lib/gcc/x86_64-w64-mingw32/6.2.0/../../../../x86_64-w64-mingw32/lib/../lib/libmsvcrt.a(dekes01240.o)
 .data          0x0000000000425190        0x0 K:/embedded/General Tools/General Tools/mingw64/bin/../lib/gcc/x86_64-w64-mingw32/6.2.0/../../../../x86_64-w64-mingw32/lib/../lib/libmsvcrt.a(dekes01208.o)
 .data          0x0000000000425190        0x0 K:/embedded/General Tools/General Tools/mingw64/bin/../lib/gcc/x86_64-w64-mingw32/6.2.0/../../../../x86_64-w64-mingw32/lib/../lib/libmsvcrt.a(dekes01205.o)
 .data          0x0000000000425190        0x0 K:/embedded/General Tools/General Tools/mingw64/bin/../lib/gcc/x86_64-w64-mingw32/6.2.0/../../../../x86_64-w64-mingw32/lib/../lib/libmsvcrt.a(dekes01198.o)
 .data          0x0000000000425190        0x0 K:/embedded/General Tools/General Tools/mingw64/bin/../lib/gcc/x86_64-w64-mingw32/6.2.0/../../../../x86_64-w64-mingw32/lib/../lib/libmsvcrt.a(dekes01189.o)
 .data          0x0000000000425190        0x0 K:/embedded/General Tools/General Tools/mingw64/bin/../lib/gcc/x86_64-w64-mingw32/6.2.0/../../../../x86_64-w64-mingw32/lib/../lib/libmsvcrt.a(dekes01184.o)
 .data          0x0000000000425190        0x0 K:/embedded/General Tools/General Tools/mingw64/bin/../lib/gcc/x86_64-w64-mingw32/6.2.0/../../../../x86_64-w64-mingw32/lib/../lib/libmsvcrt.a(dekes01183.o)
 .data          0x0000000000425190        0x0 K:/embedded/General Tools/General Tools/mingw64/bin/../lib/gcc/x86_64-w64-mingw32/6.2.0/../../../../x86_64-w64-mingw32/lib/../lib/libmsvcrt.a(dekes01173.o)
 .data          0x0000000000425190        0x0 K:/embedded/General Tools/General Tools/mingw64/bin/../lib/gcc/x86_64-w64-mingw32/6.2.0/../../../../x86_64-w64-mingw32/lib/../lib/libmsvcrt.a(dekes01167.o)
 .data          0x0000000000425190        0x0 K:/embedded/General Tools/General Tools/mingw64/bin/../lib/gcc/x86_64-w64-mingw32/6.2.0/../../../../x86_64-w64-mingw32/lib/../lib/libmsvcrt.a(dekes01166.o)
 .data          0x0000000000425190        0x0 K:/embedded/General Tools/General Tools/mingw64/bin/../lib/gcc/x86_64-w64-mingw32/6.2.0/../../../../x86_64-w64-mingw32/lib/../lib/libmsvcrt.a(dekes01163.o)
 .data          0x0000000000425190        0x0 K:/embedded/General Tools/General Tools/mingw64/bin/../lib/gcc/x86_64-w64-mingw32/6.2.0/../../../../x86_64-w64-mingw32/lib/../lib/libmsvcrt.a(dekes01156.o)
 .data          0x0000000000425190        0x0 K:/embedded/General Tools/General Tools/mingw64/bin/../lib/gcc/x86_64-w64-mingw32/6.2.0/../../../../x86_64-w64-mingw32/lib/../lib/libmsvcrt.a(dekes01154.o)
 .data          0x0000000000425190        0x0 K:/embedded/General Tools/General Tools/mingw64/bin/../lib/gcc/x86_64-w64-mingw32/6.2.0/../../../../x86_64-w64-mingw32/lib/../lib/libmsvcrt.a(dekes01153.o)
 .data          0x0000000000425190        0x0 K:/embedded/General Tools/General Tools/mingw64/bin/../lib/gcc/x86_64-w64-mingw32/6.2.0/../../../../x86_64-w64-mingw32/lib/../lib/libmsvcrt.a(dekes01146.o)
 .data          0x0000000000425190        0x0 K:/embedded/General Tools/General Tools/mingw64/bin/../lib/gcc/x86_64-w64-mingw32/6.2.0/../../../../x86_64-w64-mingw32/lib/../lib/libmsvcrt.a(dekes01099.o)
 .data          0x0000000000425190        0x0 K:/embedded/General Tools/General Tools/mingw64/bin/../lib/gcc/x86_64-w64-mingw32/6.2.0/../../../../x86_64-w64-mingw32/lib/../lib/libmsvcrt.a(dekes01087.o)
 .data          0x0000000000425190        0x0 K:/embedded/General Tools/General Tools/mingw64/bin/../lib/gcc/x86_64-w64-mingw32/6.2.0/../../../../x86_64-w64-mingw32/lib/../lib/libmsvcrt.a(dekes01080.o)
 .data          0x0000000000425190        0x0 K:/embedded/General Tools/General Tools/mingw64/bin/../lib/gcc/x86_64-w64-mingw32/6.2.0/../../../../x86_64-w64-mingw32/lib/../lib/libmsvcrt.a(dekes01078.o)
 .data          0x0000000000425190        0x0 K:/embedded/General Tools/General Tools/mingw64/bin/../lib/gcc/x86_64-w64-mingw32/6.2.0/../../../../x86_64-w64-mingw32/lib/../lib/libmsvcrt.a(dekes01068.o)
 .data          0x0000000000425190        0x0 K:/embedded/General Tools/General Tools/mingw64/bin/../lib/gcc/x86_64-w64-mingw32/6.2.0/../../../../x86_64-w64-mingw32/lib/../lib/libmsvcrt.a(dekes01065.o)
 .data          0x0000000000425190        0x0 K:/embedded/General Tools/General Tools/mingw64/bin/../lib/gcc/x86_64-w64-mingw32/6.2.0/../../../../x86_64-w64-mingw32/lib/../lib/libmsvcrt.a(dekes01061.o)
 .data          0x0000000000425190        0x0 K:/embedded/General Tools/General Tools/mingw64/bin/../lib/gcc/x86_64-w64-mingw32/6.2.0/../../../../x86_64-w64-mingw32/lib/../lib/libmsvcrt.a(dekes01048.o)
 .data          0x0000000000425190        0x0 K:/embedded/General Tools/General Tools/mingw64/bin/../lib/gcc/x86_64-w64-mingw32/6.2.0/../../../../x86_64-w64-mingw32/lib/../lib/libmsvcrt.a(dekes01028.o)
 .data          0x0000000000425190        0x0 K:/embedded/General Tools/General Tools/mingw64/bin/../lib/gcc/x86_64-w64-mingw32/6.2.0/../../../../x86_64-w64-mingw32/lib/../lib/libmsvcrt.a(dekes00820.o)
 .data          0x0000000000425190        0x0 K:/embedded/General Tools/General Tools/mingw64/bin/../lib/gcc/x86_64-w64-mingw32/6.2.0/../../../../x86_64-w64-mingw32/lib/../lib/libmsvcrt.a(dekes00611.o)
 .data          0x0000000000425190        0x0 K:/embedded/General Tools/General Tools/mingw64/bin/../lib/gcc/x86_64-w64-mingw32/6.2.0/../../../../x86_64-w64-mingw32/lib/../lib/libmsvcrt.a(dekes00438.o)
 .data          0x0000000000425190        0x0 K:/embedded/General Tools/General Tools/mingw64/bin/../lib/gcc/x86_64-w64-mingw32/6.2.0/../../../../x86_64-w64-mingw32/lib/../lib/libmsvcrt.a(dekes00330.o)
 .data          0x0000000000425190        0x0 K:/embedded/General Tools/General Tools/mingw64/bin/../lib/gcc/x86_64-w64-mingw32/6.2.0/../../../../x86_64-w64-mingw32/lib/../lib/libmsvcrt.a(dekes00252.o)
 .data          0x0000000000425190        0x0 K:/embedded/General Tools/General Tools/mingw64/bin/../lib/gcc/x86_64-w64-mingw32/6.2.0/../../../../x86_64-w64-mingw32/lib/../lib/libmsvcrt.a(dekes00141.o)
 .data          0x0000000000425190        0x0 K:/embedded/General Tools/General Tools/mingw64/bin/../lib/gcc/x86_64-w64-mingw32/6.2.0/../../../../x86_64-w64-mingw32/lib/../lib/libmsvcrt.a(dekes00123.o)
 .data          0x0000000000425190        0x0 K:/embedded/General Tools/General Tools/mingw64/bin/../lib/gcc/x86_64-w64-mingw32/6.2.0/../../../../x86_64-w64-mingw32/lib/../lib/libmsvcrt.a(dekes00116.o)
 .data          0x0000000000425190        0x0 K:/embedded/General Tools/General Tools/mingw64/bin/../lib/gcc/x86_64-w64-mingw32/6.2.0/../../../../x86_64-w64-mingw32/lib/../lib/libmsvcrt.a(dekes00099.o)
 .data          0x0000000000425190        0x0 K:/embedded/General Tools/General Tools/mingw64/bin/../lib/gcc/x86_64-w64-mingw32/6.2.0/../../../../x86_64-w64-mingw32/lib/../lib/libmsvcrt.a(dekes00097.o)
 .data          0x0000000000425190        0x0 K:/embedded/General Tools/General Tools/mingw64/bin/../lib/gcc/x86_64-w64-mingw32/6.2.0/../../../../x86_64-w64-mingw32/lib/../lib/libmsvcrt.a(dekes00091.o)
 .data          0x0000000000425190        0x0 K:/embedded/General Tools/General Tools/mingw64/bin/../lib/gcc/x86_64-w64-mingw32/6.2.0/../../../../x86_64-w64-mingw32/lib/../lib/libmsvcrt.a(dekes00083.o)
 .data          0x0000000000425190        0x0 K:/embedded/General Tools/General Tools/mingw64/bin/../lib/gcc/x86_64-w64-mingw32/6.2.0/../../../../x86_64-w64-mingw32/lib/../lib/libmsvcrt.a(dekes00082.o)
 .data          0x0000000000425190        0x0 K:/embedded/General Tools/General Tools/mingw64/bin/../lib/gcc/x86_64-w64-mingw32/6.2.0/../../../../x86_64-w64-mingw32/lib/../lib/libmsvcrt.a(dekes00081.o)
 .data          0x0000000000425190        0x0 K:/embedded/General Tools/General Tools/mingw64/bin/../lib/gcc/x86_64-w64-mingw32/6.2.0/../../../../x86_64-w64-mingw32/lib/../lib/libmsvcrt.a(dekes00078.o)
 .data          0x0000000000425190        0x0 K:/embedded/General Tools/General Tools/mingw64/bin/../lib/gcc/x86_64-w64-mingw32/6.2.0/../../../../x86_64-w64-mingw32/lib/../lib/libmsvcrt.a(dekes00055.o)
 .data          0x0000000000425190       0x10 K:/embedded/General Tools/General Tools/mingw64/bin/../lib/gcc/x86_64-w64-mingw32/6.2.0/../../../../x86_64-w64-mingw32/lib/../lib/libmsvcrt.a(lib64_libmsvcrt_a-invalid_parameter_handler.o)
                0x0000000000425190                __imp__get_invalid_parameter_handler
                0x0000000000425198                __imp__set_invalid_parameter_handler
 .data          0x00000000004251a0        0x0 K:/embedded/General Tools/General Tools/mingw64/bin/../lib/gcc/x86_64-w64-mingw32/6.2.0/../../../../x86_64-w64-mingw32/lib/../lib/libmsvcrt.a(dekeh.o)
 .data          0x00000000004251a0        0x0 K:/embedded/General Tools/General Tools/mingw64/bin/../lib/gcc/x86_64-w64-mingw32/6.2.0/../../../../x86_64-w64-mingw32/lib/../lib/libmsvcrt.a(deket.o)
 .data          0x00000000004251a0        0x0 K:/embedded/General Tools/General Tools/mingw64/bin/../lib/gcc/x86_64-w64-mingw32/6.2.0/../../../../x86_64-w64-mingw32/lib/../lib/libkernel32.a(dmmds01274.o)
 .data          0x00000000004251a0        0x0 K:/embedded/General Tools/General Tools/mingw64/bin/../lib/gcc/x86_64-w64-mingw32/6.2.0/../../../../x86_64-w64-mingw32/lib/../lib/libkernel32.a(dmmds01272.o)
 .data          0x00000000004251a0        0x0 K:/embedded/General Tools/General Tools/mingw64/bin/../lib/gcc/x86_64-w64-mingw32/6.2.0/../../../../x86_64-w64-mingw32/lib/../lib/libkernel32.a(dmmds01266.o)
 .data          0x00000000004251a0        0x0 K:/embedded/General Tools/General Tools/mingw64/bin/../lib/gcc/x86_64-w64-mingw32/6.2.0/../../../../x86_64-w64-mingw32/lib/../lib/libkernel32.a(dmmds01264.o)
 .data          0x00000000004251a0        0x0 K:/embedded/General Tools/General Tools/mingw64/bin/../lib/gcc/x86_64-w64-mingw32/6.2.0/../../../../x86_64-w64-mingw32/lib/../lib/libkernel32.a(dmmds01234.o)
 .data          0x00000000004251a0        0x0 K:/embedded/General Tools/General Tools/mingw64/bin/../lib/gcc/x86_64-w64-mingw32/6.2.0/../../../../x86_64-w64-mingw32/lib/../lib/libkernel32.a(dmmds01221.o)
 .data          0x00000000004251a0        0x0 K:/embedded/General Tools/General Tools/mingw64/bin/../lib/gcc/x86_64-w64-mingw32/6.2.0/../../../../x86_64-w64-mingw32/lib/../lib/libkernel32.a(dmmds01215.o)
 .data          0x00000000004251a0        0x0 K:/embedded/General Tools/General Tools/mingw64/bin/../lib/gcc/x86_64-w64-mingw32/6.2.0/../../../../x86_64-w64-mingw32/lib/../lib/libkernel32.a(dmmds01214.o)
 .data          0x00000000004251a0        0x0 K:/embedded/General Tools/General Tools/mingw64/bin/../lib/gcc/x86_64-w64-mingw32/6.2.0/../../../../x86_64-w64-mingw32/lib/../lib/libkernel32.a(dmmds01208.o)
 .data          0x00000000004251a0        0x0 K:/embedded/General Tools/General Tools/mingw64/bin/../lib/gcc/x86_64-w64-mingw32/6.2.0/../../../../x86_64-w64-mingw32/lib/../lib/libkernel32.a(dmmds01200.o)
 .data          0x00000000004251a0        0x0 K:/embedded/General Tools/General Tools/mingw64/bin/../lib/gcc/x86_64-w64-mingw32/6.2.0/../../../../x86_64-w64-mingw32/lib/../lib/libkernel32.a(dmmds01187.o)
 .data          0x00000000004251a0        0x0 K:/embedded/General Tools/General Tools/mingw64/bin/../lib/gcc/x86_64-w64-mingw32/6.2.0/../../../../x86_64-w64-mingw32/lib/../lib/libkernel32.a(dmmds01175.o)
 .data          0x00000000004251a0        0x0 K:/embedded/General Tools/General Tools/mingw64/bin/../lib/gcc/x86_64-w64-mingw32/6.2.0/../../../../x86_64-w64-mingw32/lib/../lib/libkernel32.a(dmmds01174.o)
 .data          0x00000000004251a0        0x0 K:/embedded/General Tools/General Tools/mingw64/bin/../lib/gcc/x86_64-w64-mingw32/6.2.0/../../../../x86_64-w64-mingw32/lib/../lib/libkernel32.a(dmmds01165.o)